Component: ARM Compiler 5.06 update 7 (build 960) Tool: armlink [4d3601]

==============================================================================

Section Cross References

    main.o(i.main) refers to stm32f1xx_hal.o(i.HAL_Init) for HAL_Init
    main.o(i.main) refers to sys.o(i.Stm32_Clock_Init) for Stm32_Clock_Init
    main.o(i.main) refers to delay.o(i.delay_init) for delay_init
    main.o(i.main) refers to usart.o(i.uart_init) for uart_init
    main.o(i.main) refers to led.o(i.LED_Init) for LED_Init
    main.o(i.main) refers to lcd.o(i.LCD_Init) for LCD_Init
    main.o(i.main) refers to rtc.o(i.RTC_Init) for RTC_Init
    main.o(i.main) refers to gpio.o(i.GPIO_Init) for GPIO_Init
    main.o(i.main) refers to key.o(i.KEY_Init) for KEY_Init
    main.o(i.main) refers to timer.o(i.TIM3_Init) for TIM3_Init
    main.o(i.main) refers to lcd.o(i.LCD_ShowString) for LCD_ShowString
    main.o(i.main) refers to delay.o(i.delay_ms) for delay_ms
    main.o(i.main) refers to lcd.o(i.show_picture) for show_picture
    main.o(i.main) refers to key.o(i.KEY_Scan) for KEY_Scan
    main.o(i.main) refers to lcd.o(i.LCD_Clear) for LCD_Clear
    main.o(i.main) refers to lcd.o(i.LCD_DrawRectangle) for LCD_DrawRectangle
    main.o(i.main) refers to read_siganl2.o(i.read_signal2) for read_signal2
    main.o(i.main) refers to time_display.o(i.time_display) for time_display
    main.o(i.main) refers to train_set.o(i.train_set) for train_set
    main.o(i.main) refers to train_set.o(i.light_set) for light_set
    main.o(i.main) refers to train_set.o(i.speed_set) for speed_set
    main.o(i.main) refers to speed.o(i.speed_Init) for speed_Init
    main.o(i.main) refers to speed.o(i.cal_speed_pre) for cal_speed_pre
    main.o(i.main) refers to speed.o(i.speed_display) for speed_display
    main.o(i.main) refers to read.o(i.read_signal) for read_signal
    main.o(i.main) refers to usmart_config.o(.data) for usmart_dev
    main.o(i.main) refers to main.o(.constdata) for .constdata
    main.o(i.main) refers to touch.o(.data) for tp_dev
    stm32f1xx_it.o(i.SysTick_Handler) refers to stm32f1xx_hal.o(i.HAL_IncTick) for HAL_IncTick
    system_stm32f1xx.o(i.SystemCoreClockUpdate) refers to system_stm32f1xx.o(.data) for .data
    system_stm32f1xx.o(i.SystemCoreClockUpdate) refers to system_stm32f1xx.o(.constdata) for .constdata
    startup_stm32f103xe.o(STACK) refers (Special) to heapauxi.o(.text) for __use_two_region_memory
    startup_stm32f103xe.o(HEAP) refers (Special) to heapauxi.o(.text) for __use_two_region_memory
    startup_stm32f103xe.o(RESET) refers (Special) to heapauxi.o(.text) for __use_two_region_memory
    startup_stm32f103xe.o(RESET) refers to startup_stm32f103xe.o(STACK) for __initial_sp
    startup_stm32f103xe.o(RESET) refers to startup_stm32f103xe.o(.text) for Reset_Handler
    startup_stm32f103xe.o(RESET) refers to stm32f1xx_it.o(i.NMI_Handler) for NMI_Handler
    startup_stm32f103xe.o(RESET) refers to stm32f1xx_it.o(i.HardFault_Handler) for HardFault_Handler
    startup_stm32f103xe.o(RESET) refers to stm32f1xx_it.o(i.MemManage_Handler) for MemManage_Handler
    startup_stm32f103xe.o(RESET) refers to stm32f1xx_it.o(i.BusFault_Handler) for BusFault_Handler
    startup_stm32f103xe.o(RESET) refers to stm32f1xx_it.o(i.UsageFault_Handler) for UsageFault_Handler
    startup_stm32f103xe.o(RESET) refers to stm32f1xx_it.o(i.SVC_Handler) for SVC_Handler
    startup_stm32f103xe.o(RESET) refers to stm32f1xx_it.o(i.DebugMon_Handler) for DebugMon_Handler
    startup_stm32f103xe.o(RESET) refers to stm32f1xx_it.o(i.PendSV_Handler) for PendSV_Handler
    startup_stm32f103xe.o(RESET) refers to stm32f1xx_it.o(i.SysTick_Handler) for SysTick_Handler
    startup_stm32f103xe.o(RESET) refers to rtc.o(i.RTC_IRQHandler) for RTC_IRQHandler
    startup_stm32f103xe.o(RESET) refers to timer.o(i.TIM3_IRQHandler) for TIM3_IRQHandler
    startup_stm32f103xe.o(RESET) refers to usmart.o(i.TIM4_IRQHandler) for TIM4_IRQHandler
    startup_stm32f103xe.o(RESET) refers to usart.o(i.USART1_IRQHandler) for USART1_IRQHandler
    startup_stm32f103xe.o(.text) refers (Special) to heapauxi.o(.text) for __use_two_region_memory
    startup_stm32f103xe.o(.text) refers to system_stm32f1xx.o(i.SystemInit) for SystemInit
    startup_stm32f103xe.o(.text) refers to __main.o(!!!main) for __main
    startup_stm32f103xe.o(.text) refers to startup_stm32f103xe.o(HEAP) for Heap_Mem
    startup_stm32f103xe.o(.text) refers to startup_stm32f103xe.o(STACK) for Stack_Mem
    stm32f1xx_hal.o(i.HAL_DeInit) refers to stm32f1xx_hal_msp.o(i.HAL_MspDeInit) for HAL_MspDeInit
    stm32f1xx_hal.o(i.HAL_Delay) refers to stm32f1xx_hal.o(i.HAL_GetTick) for HAL_GetTick
    stm32f1xx_hal.o(i.HAL_GetTick) refers to stm32f1xx_hal.o(.data) for .data
    stm32f1xx_hal.o(i.HAL_IncTick) refers to stm32f1xx_hal.o(.data) for .data
    stm32f1xx_hal.o(i.HAL_Init) refers to stm32f1xx_hal_cortex.o(i.HAL_NVIC_SetPriorityGrouping) for HAL_NVIC_SetPriorityGrouping
[...]
    __rt_lib_init_heap_1                     0x08000209   Thumb Code     0  libinit2.o(.ARM.Collect$$libinit$$0000000A)
    __rt_lib_init_lc_collate_1               0x08000209   Thumb Code     0  libinit2.o(.ARM.Collect$$libinit$$00000011)
    __rt_lib_init_lc_ctype_1                 0x08000209   Thumb Code     0  libinit2.o(.ARM.Collect$$libinit$$00000013)
    __rt_lib_init_lc_monetary_1              0x08000209   Thumb Code     0  libinit2.o(.ARM.Collect$$libinit$$00000015)
    __rt_lib_init_lc_numeric_1               0x08000209   Thumb Code     0  libinit2.o(.ARM.Collect$$libinit$$00000017)
    __rt_lib_init_lc_time_1                  0x08000209   Thumb Code     0  libinit2.o(.ARM.Collect$$libinit$$00000019)
    __rt_lib_init_preinit_1                  0x08000209   Thumb Code     0  libinit2.o(.ARM.Collect$$libinit$$00000004)
    __rt_lib_init_rand_1                     0x08000209   Thumb Code     0  libinit2.o(.ARM.Collect$$libinit$$0000000E)
    __rt_lib_init_return                     0x08000209   Thumb Code     0  libinit2.o(.ARM.Collect$$libinit$$00000033)
    __rt_lib_init_signal_1                   0x08000209   Thumb Code     0  libinit2.o(.ARM.Collect$$libinit$$0000001D)
    __rt_lib_init_stdio_1                    0x08000209   Thumb Code     0  libinit2.o(.ARM.Collect$$libinit$$00000025)
    __rt_lib_init_user_alloc_1               0x08000209   Thumb Code     0  libinit2.o(.ARM.Collect$$libinit$$0000000C)
    __rt_lib_shutdown                        0x0800020b   Thumb Code     0  libshutdown.o(.ARM.Collect$$libshutdown$$00000000)
    __rt_lib_shutdown_cpp_1                  0x0800020d   Thumb Code     0  libshutdown2.o(.ARM.Collect$$libshutdown$$00000004)
    __rt_lib_shutdown_fini_1                 0x0800020d   Thumb Code     0  libshutdown2.o(.ARM.Collect$$libshutdown$$00000002)
    __rt_lib_shutdown_fp_trap_1              0x0800020d   Thumb Code     0  libshutdown2.o(.ARM.Collect$$libshutdown$$00000009)
    __rt_lib_shutdown_heap_1                 0x0800020d   Thumb Code     0  libshutdown2.o(.ARM.Collect$$libshutdown$$00000011)
    __rt_lib_shutdown_return                 0x0800020d   Thumb Code     0  libshutdown2.o(.ARM.Collect$$libshutdown$$00000012)
    __rt_lib_shutdown_signal_1               0x0800020d   Thumb Code     0  libshutdown2.o(.ARM.Collect$$libshutdown$$0000000C)
    __rt_lib_shutdown_stdio_1                0x0800020d   Thumb Code     0  libshutdown2.o(.ARM.Collect$$libshutdown$$00000006)
    __rt_lib_shutdown_user_alloc_1           0x0800020d   Thumb Code     0  libshutdown2.o(.ARM.Collect$$libshutdown$$0000000E)
    __rt_entry                               0x0800020f   Thumb Code     0  __rtentry.o(.ARM.Collect$$rtentry$$00000000)
    __rt_entry_presh_1                       0x0800020f   Thumb Code     0  __rtentry2.o(.ARM.Collect$$rtentry$$00000002)
    __rt_entry_sh                            0x0800020f   Thumb Code     0  __rtentry4.o(.ARM.Collect$$rtentry$$00000004)
    __rt_entry_li                            0x08000215   Thumb Code     0  __rtentry2.o(.ARM.Collect$$rtentry$$0000000A)
    __rt_entry_postsh_1                      0x08000215   Thumb Code     0  __rtentry2.o(.ARM.Collect$$rtentry$$00000009)
    __rt_entry_main                          0x08000219   Thumb Code     0  __rtentry2.o(.ARM.Collect$$rtentry$$0000000D)
    __rt_entry_postli_1                      0x08000219   Thumb Code     0  __rtentry2.o(.ARM.Collect$$rtentry$$0000000C)
    __rt_exit                                0x08000221   Thumb Code     0  rtexit.o(.ARM.Collect$$rtexit$$00000000)
    __rt_exit_ls                             0x08000223   Thumb Code     0  rtexit2.o(.ARM.Collect$$rtexit$$00000003)
    __rt_exit_prels_1                        0x08000223   Thumb Code     0  rtexit2.o(.ARM.Collect$$rtexit$$00000002)
    __rt_exit_exit                           0x08000227   Thumb Code     0  rtexit2.o(.ARM.Collect$$rtexit$$00000004)
    Reset_Handler                            0x0800022d   Thumb Code     8  startup_stm32f103xe.o(.text)
    ADC1_2_IRQHandler                        0x08000247   Thumb Code     0  startup_stm32f103xe.o(.text)
    ADC3_IRQHandler                          0x08000247   Thumb Code     0  startup_stm32f103xe.o(.text)
    CAN1_RX1_IRQHandler                      0x08000247   Thumb Code     0  startup_stm32f103xe.o(.text)
    CAN1_SCE_IRQHandler                      0x08000247   Thumb Code     0  startup_stm32f103xe.o(.text)
    DMA1_Channel1_IRQHandler                 0x08000247   Thumb Code     0  startup_stm32f103xe.o(.text)
    DMA1_Channel2_IRQHandler                 0x08000247   Thumb Code     0  startup_stm32f103xe.o(.text)
    DMA1_Channel3_IRQHandler                 0x08000247   Thumb Code     0  startup_stm32f103xe.o(.text)
    DMA1_Channel4_IRQHandler                 0x08000247   Thumb Code     0  startup_stm32f103xe.o(.text)
    DMA1_Channel5_IRQHandler                 0x08000247   Thumb Code     0  startup_stm32f103xe.o(.text)
    DMA1_Channel6_IRQHandler                 0x08000247   Thumb Code     0  startup_stm32f103xe.o(.text)
    DMA1_Channel7_IRQHandler                 0x08000247   Thumb Code     0  startup_stm32f103xe.o(.text)
    DMA2_Channel1_IRQHandler                 0x08000247   Thumb Code     0  startup_stm32f103xe.o(.text)
    DMA2_Channel2_IRQHandler                 0x08000247   Thumb Code     0  startup_stm32f103xe.o(.text)
    DMA2_Channel3_IRQHandler                 0x08000247   Thumb Code     0  startup_stm32f103xe.o(.text)
    DMA2_Channel4_5_IRQHandler               0x08000247   Thumb Code     0  startup_stm32f103xe.o(.text)
    EXTI0_IRQHandler                         0x08000247   Thumb Code     0  startup_stm32f103xe.o(.text)
    EXTI15_10_IRQHandler                     0x08000247   Thumb Code     0  startup_stm32f103xe.o(.text)
    EXTI1_IRQHandler                         0x08000247   Thumb Code     0  startup_stm32f103xe.o(.text)
    EXTI2_IRQHandler                         0x08000247   Thumb Code     0  startup_stm32f103xe.o(.text)
    EXTI3_IRQHandler                         0x08000247   Thumb Code     0  startup_stm32f103xe.o(.text)
    EXTI4_IRQHandler                         0x08000247   Thumb Code     0  startup_stm32f103xe.o(.text)
    EXTI9_5_IRQHandler                       0x08000247   Thumb Code     0  startup_stm32f103xe.o(.text)
    FLASH_IRQHandler                         0x08000247   Thumb Code     0  startup_stm32f103xe.o(.text)
    FSMC_IRQHandler                          0x08000247   Thumb Code     0  startup_stm32f103xe.o(.text)
    I2C1_ER_IRQHandler                       0x08000247   Thumb Code     0  startup_stm32f103xe.o(.text)
    I2C1_EV_IRQHandler                       0x08000247   Thumb Code     0  startup_stm32f103xe.o(.text)
    I2C2_ER_IRQHandler                       0x08000247   Thumb Code     0  startup_stm32f103xe.o(.text)
    I2C2_EV_IRQHandler                       0x08000247   Thumb Code     0  startup_stm32f103xe.o(.text)
    PVD_IRQHandler                           0x08000247   Thumb Code     0  startup_stm32f103xe.o(.text)
    RCC_IRQHandler                           0x08000247   Thumb Code     0  startup_stm32f103xe.o(.text)
    RTC_Alarm_IRQHandler                     0x08000247   Thumb Code     0  startup_stm32f103xe.o(.text)
    SDIO_IRQHandler                          0x08000247   Thumb Code     0  startup_stm32f103xe.o(.text)
    SPI1_IRQHandler                          0x08000247   Thumb Code     0  startup_stm32f103xe.o(.text)
    SPI2_IRQHandler                          0x08000247   Thumb Code     0  startup_stm32f103xe.o(.text)
    SPI3_IRQHandler                          0x08000247   Thumb Code     0  startup_stm32f103xe.o(.text)
    TAMPER_IRQHandler                        0x08000247   Thumb Code     0  startup_stm32f103xe.o(.text)
    TIM1_BRK_IRQHandler                      0x08000247   Thumb Code     0  startup_stm32f103xe.o(.text)
    TIM1_CC_IRQHandler                       0x08000247   Thumb Code     0  startup_stm32f103xe.o(.text)
    TIM1_TRG_COM_IRQHandler                  0x08000247   Thumb Code     0  startup_stm32f103xe.o(.text)
    TIM1_UP_IRQHandler                       0x08000247   Thumb Code     0  startup_stm32f103xe.o(.text)
    TIM2_IRQHandler                          0x08000247   Thumb Code     0  startup_stm32f103xe.o(.text)
    TIM5_IRQHandler                          0x08000247   Thumb Code     0  startup_stm32f103xe.o(.text)
    TIM6_IRQHandler                          0x08000247   Thumb Code     0  startup_stm32f103xe.o(.text)
    TIM7_IRQHandler                          0x08000247   Thumb Code     0  startup_stm32f103xe.o(.text)
    TIM8_BRK_IRQHandler                      0x08000247   Thumb Code     0  startup_stm32f103xe.o(.text)
    TIM8_CC_IRQHandler                       0x08000247   Thumb Code     0  startup_stm32f103xe.o(.text)
    TIM8_TRG_COM_IRQHandler                  0x08000247   Thumb Code     0  startup_stm32f103xe.o(.text)
    TIM8_UP_IRQHandler                       0x08000247   Thumb Code     0  startup_stm32f103xe.o(.text)
    UART4_IRQHandler                         0x08000247   Thumb Code     0  startup_stm32f103xe.o(.text)
    UART5_IRQHandler                         0x08000247   Thumb Code     0  startup_stm32f103xe.o(.text)
    USART2_IRQHandler                        0x08000247   Thumb Code     0  startup_stm32f103xe.o(.text)
    USART3_IRQHandler                        0x08000247   Thumb Code     0  startup_stm32f103xe.o(.text)
    USBWakeUp_IRQHandler                     0x08000247   Thumb Code     0  startup_stm32f103xe.o(.text)
    USB_HP_CAN1_TX_IRQHandler                0x08000247   Thumb Code     0  startup_stm32f103xe.o(.text)
    USB_LP_CAN1_RX0_IRQHandler               0x08000247   Thumb Code     0  startup_stm32f103xe.o(.text)
    WWDG_IRQHandler                          0x08000247   Thumb Code     0  startup_stm32f103xe.o(.text)
    __user_initial_stackheap                 0x08000249   Thumb Code     0  startup_stm32f103xe.o(.text)
    __use_no_semihosting                     0x0800026d   Thumb Code     2  use_no_semi_2.o(.text)
    __2printf                                0x08000271   Thumb Code    20  noretval__2printf.o(.text)
    _printf_pre_padding                      0x08000289   Thumb Code    44  _printf_pad.o(.text)
    _printf_post_padding                     0x080002b5   Thumb Code    34  _printf_pad.o(.text)
    _printf_str                              0x080002d7   Thumb Code    82  _printf_str.o(.text)
    _printf_int_dec                          0x08000329   Thumb Code   104  _printf_dec.o(.text)
    _printf_int_hex                          0x080003a1   Thumb Code    84  _printf_hex_int.o(.text)
    _printf_longlong_hex                     0x080003a1   Thumb Code     0  _printf_hex_int.o(.text)
    __printf                                 0x080003f9   Thumb Code   388  __printf_flags_ss_wp.o(.text)
    strcmp                                   0x08000581   Thumb Code   128  strcmpv7m.o(.text)
    __use_two_region_memory                  0x08000601   Thumb Code     2  heapauxi.o(.text)
    __rt_heap_escrow$2region                 0x08000603   Thumb Code     2  heapauxi.o(.text)
    __rt_heap_expand$2region                 0x08000605   Thumb Code     2  heapauxi.o(.text)
    __I$use$semihosting                      0x08000607   Thumb Code     0  use_no_semi.o(.text)
    __use_no_semihosting_swi                 0x08000607   Thumb Code     2  use_no_semi.o(.text)
    __read_errno                             0x08000609   Thumb Code    10  _rserrno.o(.text)
    __set_errno                              0x08000613   Thumb Code    12  _rserrno.o(.text)
    _printf_int_common                       0x0800061f   Thumb Code   178  _printf_intcommon.o(.text)
    _printf_cs_common                        0x080006d1   Thumb Code    20  _printf_char.o(.text)
    _printf_char                             0x080006e5   Thumb Code    16  _printf_char.o(.text)
    _printf_string                           0x080006f5   Thumb Code     8  _printf_char.o(.text)
    _printf_char_file                        0x080006fd   Thumb Code    32  _printf_char_file.o(.text)
    __aeabi_errno_addr                       0x08000721   Thumb Code     8  rt_errno_addr_intlibspace.o(.text)
    __errno$intlibspace                      0x08000721   Thumb Code     0  rt_errno_addr_intlibspace.o(.text)
    __rt_errno_addr$intlibspace              0x08000721   Thumb Code     0  rt_errno_addr_intlibspace.o(.text)
    _printf_char_common                      0x08000733   Thumb Code    32  _printf_char_common.o(.text)
    ferror                                   0x08000759   Thumb Code     8  ferror.o(.text)
    __user_libspace                          0x08000761   Thumb Code     8  libspace.o(.text)
    __user_perproc_libspace                  0x08000761   Thumb Code     0  libspace.o(.text)
    __user_perthread_libspace                0x08000761   Thumb Code     0  libspace.o(.text)
    __user_setup_stackheap                   0x08000769   Thumb Code    74  sys_stackheap_outer.o(.text)
    exit                                     0x080007b3   Thumb Code    18  exit.o(.text)
    AT24CXX_Init                             0x080007c5   Thumb Code     4  24cxx.o(i.AT24CXX_Init)
    AT24CXX_Read                             0x080007c9   Thumb Code    34  24cxx.o(i.AT24CXX_Read)
    AT24CXX_ReadOneByte                      0x080007eb   Thumb Code    66  24cxx.o(i.AT24CXX_ReadOneByte)
    AT24CXX_Write                            0x0800082d   Thumb Code    32  24cxx.o(i.AT24CXX_Write)
    AT24CXX_WriteOneByte                     0x0800084d   Thumb Code    62  24cxx.o(i.AT24CXX_WriteOneByte)
    BusFault_Handler                         0x0800088b   Thumb Code     2  stm32f1xx_it.o(i.BusFault_Handler)
    CT_IIC_Ack                               0x0800088d   Thumb Code    64  ctiic.o(i.CT_IIC_Ack)
    CT_IIC_Init                              0x080008d9   Thumb Code    88  ctiic.o(i.CT_IIC_Init)
    CT_IIC_NAck                              0x08000945   Thumb Code    64  ctiic.o(i.CT_IIC_NAck)
    CT_IIC_Read_Byte                         0x08000991   Thumb Code   104  ctiic.o(i.CT_IIC_Read_Byte)
    CT_IIC_Send_Byte                         0x08000a05   Thumb Code    90  ctiic.o(i.CT_IIC_Send_Byte)
    CT_IIC_Start                             0x08000a6d   Thumb Code    62  ctiic.o(i.CT_IIC_Start)
    CT_IIC_Stop                              0x08000ab9   Thumb Code    56  ctiic.o(i.CT_IIC_Stop)
    CT_IIC_Wait_Ack                          0x08000afd   Thumb Code    74  ctiic.o(i.CT_IIC_Wait_Ack)
    DebugMon_Handler                         0x08000b55   Thumb Code     2  stm32f1xx_it.o(i.DebugMon_Handler)
    FSMC_NORSRAM_Extended_Timing_Init        0x08000b59   Thumb Code    94  stm32f1xx_ll_fsmc.o(i.FSMC_NORSRAM_Extended_Timing_Init)
    FSMC_NORSRAM_Init                        0x08000bbd   Thumb Code   152  stm32f1xx_ll_fsmc.o(i.FSMC_NORSRAM_Init)
    FSMC_NORSRAM_Timing_Init                 0x08000c59   Thumb Code   118  stm32f1xx_ll_fsmc.o(i.FSMC_NORSRAM_Timing_Init)
    FT5206_Init                              0x08000cd1   Thumb Code   212  ft5206.o(i.FT5206_Init)
    FT5206_RD_Reg                            0x08000dbd   Thumb Code    86  ft5206.o(i.FT5206_RD_Reg)
    FT5206_Scan                              0x08000e15   Thumb Code   294  ft5206.o(i.FT5206_Scan)
    FT5206_WR_Reg                            0x08000f49   Thumb Code    72  ft5206.o(i.FT5206_WR_Reg)
    GPIO_Init                                0x08000f91   Thumb Code   360  gpio.o(i.GPIO_Init)
    GT9147_Init                              0x08001115   Thumb Code   272  gt9147.o(i.GT9147_Init)
    GT9147_RD_Reg                            0x0800126d   Thumb Code    96  gt9147.o(i.GT9147_RD_Reg)
    GT9147_Scan                              0x080012cd   Thumb Code   416  gt9147.o(i.GT9147_Scan)
    GT9147_Send_Cfg                          0x0800147d   Thumb Code    72  gt9147.o(i.GT9147_Send_Cfg)
    GT9147_WR_Reg                            0x080014c9   Thumb Code    82  gt9147.o(i.GT9147_WR_Reg)
    Get_now_time_counter                     0x0800151d   Thumb Code     8  timer.o(i.Get_now_time_counter)
    HAL_Delay                                0x08001529   Thumb Code    22  stm32f1xx_hal.o(i.HAL_Delay)
    HAL_GPIO_Init                            0x08001541   Thumb Code   450  stm32f1xx_hal_gpio.o(i.HAL_GPIO_Init)
    HAL_GPIO_ReadPin                         0x0800172d   Thumb Code    10  stm32f1xx_hal_gpio.o(i.HAL_GPIO_ReadPin)
    HAL_GPIO_WritePin                        0x08001737   Thumb Code    10  stm32f1xx_hal_gpio.o(i.HAL_GPIO_WritePin)
    HAL_GetTick                              0x08001741   Thumb Code     6  stm32f1xx_hal.o(i.HAL_GetTick)
    HAL_IncTick                              0x0800174d   Thumb Code    10  stm32f1xx_hal.o(i.HAL_IncTick)
    HAL_Init                                 0x0800175d   Thumb Code    32  stm32f1xx_hal.o(i.HAL_Init)
    HAL_InitTick                             0x08001781   Thumb Code    34  stm32f1xx_hal.o(i.HAL_InitTick)
    HAL_MspInit                              0x080017a3   Thumb Code     2  stm32f1xx_hal_msp.o(i.HAL_MspInit)
    HAL_NVIC_EnableIRQ                       0x080017a5   Thumb Code    22  stm32f1xx_hal_cortex.o(i.HAL_NVIC_EnableIRQ)
    HAL_NVIC_SetPriority                     0x080017bd   Thumb Code    60  stm32f1xx_hal_cortex.o(i.HAL_NVIC_SetPriority)
    HAL_NVIC_SetPriorityGrouping             0x080017fd   Thumb Code    26  stm32f1xx_hal_cortex.o(i.HAL_NVIC_SetPriorityGrouping)
    HAL_PWR_EnableBkUpAccess                 0x08001821   Thumb Code    20  stm32f1xx_hal_pwr.o(i.HAL_PWR_EnableBkUpAccess)
    HAL_RCCEx_GetPeriphCLKFreq               0x08001839   Thumb Code   222  stm32f1xx_hal_rcc_ex.o(i.HAL_RCCEx_GetPeriphCLKFreq)
    HAL_RCCEx_PeriphCLKConfig                0x08001939   Thumb Code   286  stm32f1xx_hal_rcc_ex.o(i.HAL_RCCEx_PeriphCLKConfig)
    HAL_RCC_ClockConfig                      0x08001a65   Thumb Code   366  stm32f1xx_hal_rcc.o(i.HAL_RCC_ClockConfig)
    HAL_RCC_GetHCLKFreq                      0x08001be5   Thumb Code     6  stm32f1xx_hal_rcc.o(i.HAL_RCC_GetHCLKFreq)
    HAL_RCC_GetPCLK1Freq                     0x08001bf1   Thumb Code    34  stm32f1xx_hal_rcc.o(i.HAL_RCC_GetPCLK1Freq)
    HAL_RCC_GetPCLK2Freq                     0x08001c21   Thumb Code    34  stm32f1xx_hal_rcc.o(i.HAL_RCC_GetPCLK2Freq)
    HAL_RCC_GetSysClockFreq                  0x08001c51   Thumb Code   102  stm32f1xx_hal_rcc.o(i.HAL_RCC_GetSysClockFreq)
    HAL_RCC_OscConfig                        0x08001cd9   Thumb Code  1402  stm32f1xx_hal_rcc.o(i.HAL_RCC_OscConfig)
    HAL_RTCEx_BKUPRead                       0x08002255   Thumb Code    10  stm32f1xx_hal_rtc_ex.o(i.HAL_RTCEx_BKUPRead)
    HAL_RTCEx_BKUPWrite                      0x08002265   Thumb Code    12  stm32f1xx_hal_rtc_ex.o(i.HAL_RTCEx_BKUPWrite)
    HAL_RTC_Init                             0x08002275   Thumb Code   154  stm32f1xx_hal_rtc.o(i.HAL_RTC_Init)
    HAL_RTC_MspInit                          0x08002315   Thumb Code   132  rtc.o(i.HAL_RTC_MspInit)
    HAL_RTC_WaitForSynchro                   0x080023a1   Thumb Code    58  stm32f1xx_hal_rtc.o(i.HAL_RTC_WaitForSynchro)
    HAL_SRAM_Init                            0x080023db   Thumb Code    86  stm32f1xx_hal_sram.o(i.HAL_SRAM_Init)
    HAL_SRAM_MspInit                         0x08002431   Thumb Code   128  lcd.o(i.HAL_SRAM_MspInit)
    HAL_SYSTICK_CLKSourceConfig              0x080024c1   Thumb Code    24  stm32f1xx_hal_cortex.o(i.HAL_SYSTICK_CLKSourceConfig)
    HAL_SYSTICK_Config                       0x080024d9   Thumb Code    40  stm32f1xx_hal_cortex.o(i.HAL_SYSTICK_Config)
    HAL_TIMEx_BreakCallback                  0x08002501   Thumb Code     2  stm32f1xx_hal_tim_ex.o(i.HAL_TIMEx_BreakCallback)
    HAL_TIMEx_CommutationCallback            0x08002503   Thumb Code     2  stm32f1xx_hal_tim_ex.o(i.HAL_TIMEx_CommutationCallback)
    HAL_TIM_Base_Init                        0x08002505   Thumb Code    54  stm32f1xx_hal_tim.o(i.HAL_TIM_Base_Init)
    HAL_TIM_Base_MspInit                     0x0800253d   Thumb Code    50  timer.o(i.HAL_TIM_Base_MspInit)
    HAL_TIM_Base_Start_IT                    0x08002579   Thumb Code    24  stm32f1xx_hal_tim.o(i.HAL_TIM_Base_Start_IT)
    HAL_TIM_IC_CaptureCallback               0x08002591   Thumb Code     2  stm32f1xx_hal_tim.o(i.HAL_TIM_IC_CaptureCallback)
    HAL_TIM_IRQHandler                       0x08002593   Thumb Code   358  stm32f1xx_hal_tim.o(i.HAL_TIM_IRQHandler)
    HAL_TIM_OC_DelayElapsedCallback          0x080026f9   Thumb Code     2  stm32f1xx_hal_tim.o(i.HAL_TIM_OC_DelayElapsedCallback)
    HAL_TIM_PWM_PulseFinishedCallback        0x080026fb   Thumb Code     2  stm32f1xx_hal_tim.o(i.HAL_TIM_PWM_PulseFinishedCallback)
    HAL_TIM_PeriodElapsedCallback            0x080026fd   Thumb Code    28  timer.o(i.HAL_TIM_PeriodElapsedCallback)
    HAL_TIM_TriggerCallback                  0x0800271d   Thumb Code     2  stm32f1xx_hal_tim.o(i.HAL_TIM_TriggerCallback)
    HAL_UART_ErrorCallback                   0x0800271f   Thumb Code     2  stm32f1xx_hal_uart.o(i.HAL_UART_ErrorCallback)
    HAL_UART_GetState                        0x08002721   Thumb Code     6  stm32f1xx_hal_uart.o(i.HAL_UART_GetState)
    HAL_UART_IRQHandler                      0x08002727   Thumb Code   216  stm32f1xx_hal_uart.o(i.HAL_UART_IRQHandler)
    HAL_UART_Init                            0x080027ff   Thumb Code    94  stm32f1xx_hal_uart.o(i.HAL_UART_Init)
    HAL_UART_MspInit                         0x0800285d   Thumb Code   126  usart.o(i.HAL_UART_MspInit)
    HAL_UART_Receive_IT                      0x080028e9   Thumb Code   104  stm32f1xx_hal_uart.o(i.HAL_UART_Receive_IT)
    HAL_UART_RxCpltCallback                  0x08002951   Thumb Code    76  usart.o(i.HAL_UART_RxCpltCallback)
    HAL_UART_TxCpltCallback                  0x080029a9   Thumb Code     2  stm32f1xx_hal_uart.o(i.HAL_UART_TxCpltCallback)
    HardFault_Handler                        0x080029ab   Thumb Code     2  stm32f1xx_it.o(i.HardFault_Handler)
    IIC_Ack                                  0x080029ad   Thumb Code    56  myiic.o(i.IIC_Ack)
    IIC_Init                                 0x080029ed   Thumb Code    58  myiic.o(i.IIC_Init)
    IIC_NAck                                 0x08002a35   Thumb Code    56  myiic.o(i.IIC_NAck)
    IIC_Read_Byte                            0x08002a75   Thumb Code   100  myiic.o(i.IIC_Read_Byte)
    IIC_Send_Byte                            0x08002ae1   Thumb Code    86  myiic.o(i.IIC_Send_Byte)
    IIC_Start                                0x08002b41   Thumb Code    56  myiic.o(i.IIC_Start)
    IIC_Stop                                 0x08002b81   Thumb Code    58  myiic.o(i.IIC_Stop)
    IIC_Wait_Ack                             0x08002bc5   Thumb Code    78  myiic.o(i.IIC_Wait_Ack)
    Is_Leap_Year                             0x08002c1d   Thumb Code    38  rtc.o(i.Is_Leap_Year)
    KEY_Init                                 0x08002c45   Thumb Code    84  key.o(i.KEY_Init)
    KEY_Scan                                 0x08002ca5   Thumb Code   116  key.o(i.KEY_Scan)
    LCD_Clear                                0x08002d25   Thumb Code    40  lcd.o(i.LCD_Clear)
    LCD_Display_Dir                          0x08002d55   Thumb Code   226  lcd.o(i.LCD_Display_Dir)
    LCD_DrawColorPoint                       0x08002e3d   Thumb Code    18  lcd.o(i.LCD_DrawColorPoint)
    LCD_DrawLine                             0x08002e55   Thumb Code   150  lcd.o(i.LCD_DrawLine)
    LCD_DrawPoint                            0x08002eed   Thumb Code    20  lcd.o(i.LCD_DrawPoint)
    LCD_DrawRectangle                        0x08002f09   Thumb Code    56  lcd.o(i.LCD_DrawRectangle)
    LCD_Draw_Circle                          0x08002f41   Thumb Code   176  lcd.o(i.LCD_Draw_Circle)
    LCD_Draw_ColorCircle                     0x08002ff1   Thumb Code   228  lcd.o(i.LCD_Draw_ColorCircle)
    LCD_Draw_FilledLowerSemicircle           0x080030d5   Thumb Code   160  lcd.o(i.LCD_Draw_FilledLowerSemicircle)
    LCD_Draw_FilledUpperSemicircle           0x08003175   Thumb Code   156  lcd.o(i.LCD_Draw_FilledUpperSemicircle)
    LCD_Fast_DrawPoint                       0x08003211   Thumb Code   200  lcd.o(i.LCD_Fast_DrawPoint)
    LCD_Fill                                 0x080032e1   Thumb Code    66  lcd.o(i.LCD_Fill)
    LCD_Init                                 0x08003329   Thumb Code 10942  lcd.o(i.LCD_Init)
    LCD_Pow                                  0x08005ded   Thumb Code    16  lcd.o(i.LCD_Pow)
    LCD_RD_DATA                              0x08005dfd   Thumb Code    16  lcd.o(i.LCD_RD_DATA)
    LCD_SSD_BackLightSet                     0x08005e11   Thumb Code    70  lcd.o(i.LCD_SSD_BackLightSet)
    LCD_Scan_Dir                             0x08005e5d   Thumb Code   414  lcd.o(i.LCD_Scan_Dir)
    LCD_SetCursor                            0x08006001   Thumb Code   236  lcd.o(i.LCD_SetCursor)
    LCD_ShowChar                             0x080060f1   Thumb Code   184  lcd.o(i.LCD_ShowChar)
    LCD_ShowNum                              0x080061bd   Thumb Code   118  lcd.o(i.LCD_ShowNum)
    LCD_ShowString                           0x08006233   Thumb Code    84  lcd.o(i.LCD_ShowString)
    LCD_WR_DATA                              0x08006289   Thumb Code    20  lcd.o(i.LCD_WR_DATA)
    LCD_WR_REG                               0x080062a1   Thumb Code    20  lcd.o(i.LCD_WR_REG)
    LCD_WriteRAM_Prepare                     0x080062b9   Thumb Code    10  lcd.o(i.LCD_WriteRAM_Prepare)
    LCD_WriteReg                             0x080062cd   Thumb Code    10  lcd.o(i.LCD_WriteReg)
    LED_Init                                 0x080062dd   Thumb Code    98  led.o(i.LED_Init)
    MemManage_Handler                        0x0800634d   Thumb Code     2  stm32f1xx_it.o(i.MemManage_Handler)
    NMI_Handler                              0x0800634f   Thumb Code     2  stm32f1xx_it.o(i.NMI_Handler)
    OTT2001A_Init                            0x08006371   Thumb Code   142  ott2001a.o(i.OTT2001A_Init)
    OTT2001A_RD_Reg                          0x08006419   Thumb Code    96  ott2001a.o(i.OTT2001A_RD_Reg)
    OTT2001A_Scan                            0x08006479   Thumb Code   322  ott2001a.o(i.OTT2001A_Scan)
    OTT2001A_SensorControl                   0x080065dd   Thumb Code    30  ott2001a.o(i.OTT2001A_SensorControl)
    OTT2001A_WR_Reg                          0x080065fb   Thumb Code    82  ott2001a.o(i.OTT2001A_WR_Reg)
    PendSV_Handler                           0x0800664d   Thumb Code     2  stm32f1xx_it.o(i.PendSV_Handler)
    RTC_Alarm_Set                            0x08006651   Thumb Code   226  rtc.o(i.RTC_Alarm_Set)
    RTC_Get                                  0x080067b9   Thumb Code   204  rtc.o(i.RTC_Get)
    RTC_Get_Week                             0x08006899   Thumb Code    76  rtc.o(i.RTC_Get_Week)
    RTC_IRQHandler                           0x080068e9   Thumb Code    74  rtc.o(i.RTC_IRQHandler)
    RTC_Init                                 0x08006949   Thumb Code   124  rtc.o(i.RTC_Init)
    RTC_Set                                  0x080069d9   Thumb Code   230  rtc.o(i.RTC_Set)
    Reset_time_counter                       0x08006add   Thumb Code    10  timer.o(i.Reset_time_counter)
    SVC_Handler                              0x08006aed   Thumb Code     2  stm32f1xx_it.o(i.SVC_Handler)
    Stm32_Clock_Init                         0x08006aef   Thumb Code    68  sys.o(i.Stm32_Clock_Init)
    SysTick_Handler                          0x08006b33   Thumb Code     4  stm32f1xx_it.o(i.SysTick_Handler)
    SystemInit                               0x08006b39   Thumb Code    56  system_stm32f1xx.o(i.SystemInit)
    TIM3_IRQHandler                          0x08006b81   Thumb Code     6  timer.o(i.TIM3_IRQHandler)
    TIM3_Init                                0x08006b8d   Thumb Code    48  timer.o(i.TIM3_Init)
    TIM4_IRQHandler                          0x08006bc5   Thumb Code    44  usmart.o(i.TIM4_IRQHandler)
    TIM_Base_SetConfig                       0x08006bf9   Thumb Code   112  stm32f1xx_hal_tim.o(i.TIM_Base_SetConfig)
    TP_Adj_Info_Show                         0x08006c7d   Thumb Code   326  touch.o(i.TP_Adj_Info_Show)
    TP_Adjust                                0x08006df5   Thumb Code  1338  touch.o(i.TP_Adjust)
    TP_Drow_Touch_Point                      0x08007365   Thumb Code   106  touch.o(i.TP_Drow_Touch_Point)
    TP_Get_Adjdata                           0x080073d5   Thumb Code    56  touch.o(i.TP_Get_Adjdata)
    TP_Init                                  0x08007411   Thumb Code   344  touch.o(i.TP_Init)
    TP_Read_AD                               0x08007589   Thumb Code   124  touch.o(i.TP_Read_AD)
    TP_Read_XOY                              0x0800760d   Thumb Code    96  touch.o(i.TP_Read_XOY)
    TP_Read_XY                               0x0800766d   Thumb Code    34  touch.o(i.TP_Read_XY)
    TP_Read_XY2                              0x08007695   Thumb Code   124  touch.o(i.TP_Read_XY2)
    TP_Save_Adjdata                          0x08007711   Thumb Code    24  touch.o(i.TP_Save_Adjdata)
    TP_Scan                                  0x0800772d   Thumb Code   172  touch.o(i.TP_Scan)
    TP_Write_Byte                            0x080077e1   Thumb Code    62  touch.o(i.TP_Write_Byte)
    Timer4_Init                              0x08007829   Thumb Code    72  usmart.o(i.Timer4_Init)
    USART1_IRQHandler                        0x08007afd   Thumb Code    34  usart.o(i.USART1_IRQHandler)
    UsageFault_Handler                       0x08007b29   Thumb Code     2  stm32f1xx_it.o(i.UsageFault_Handler)
    _is_digit                                0x08007b2b   Thumb Code    14  __printf_wp.o(i._is_digit)
    _sys_exit                                0x08007b39   Thumb Code     2  usart.o(i._sys_exit)
    cal_speed_pre                            0x08007b3d   Thumb Code   244  speed.o(i.cal_speed_pre)
    delay_init                               0x08007c45   Thumb Code    16  delay.o(i.delay_init)
    delay_ms                                 0x08007c59   Thumb Code    26  delay.o(i.delay_ms)
    delay_us                                 0x08007c75   Thumb Code    48  delay.o(i.delay_us)
    display_arriving_time                    0x08007ca9   Thumb Code    56  read.o(i.display_arriving_time)
    floatToChar                              0x08007d01   Thumb Code   132  speed.o(i.floatToChar)
    fputc                                    0x08007d89   Thumb Code    18  usart.o(i.fputc)
    light_set                                0x08007da1   Thumb Code   652  train_set.o(i.light_set)
    main                                     0x0800804d   Thumb Code   290  main.o(i.main)
    read_addr                                0x0800819d   Thumb Code     4  usmart.o(i.read_addr)
    read_signal                              0x080081a1   Thumb Code   482  read.o(i.read_signal)
    read_signal2                             0x080083a9   Thumb Code   158  read_siganl2.o(i.read_signal2)
    send_signal                              0x08008461   Thumb Code    64  read_siganl2.o(i.send_signal)
    set_light                                0x080084a9   Thumb Code   808  read.o(i.set_light)
    show_picture                             0x080087e9   Thumb Code    56  lcd.o(i.show_picture)
    speed_Init                               0x08008821   Thumb Code    28  speed.o(i.speed_Init)
    speed_display                            0x08008845   Thumb Code   110  speed.o(i.speed_display)
    speed_set                                0x080088ed   Thumb Code   222  train_set.o(i.speed_set)
    sqrt                                     0x080089e5   Thumb Code    76  sqrt.o(i.sqrt)
    time_display                             0x08008a31   Thumb Code   210  time_display.o(i.time_display)
    train_display                            0x08008b79   Thumb Code   784  train_display.o(i.train_display)
    train_set                                0x08008ea1   Thumb Code   628  train_set.o(i.train_set)
    uart_init                                0x0800913d   Thumb Code    44  usart.o(i.uart_init)
    usmart_cmd_rec                           0x08009175   Thumb Code   144  usmart.o(i.usmart_cmd_rec)
    usmart_exe                               0x08009209   Thumb Code   510  usmart.o(i.usmart_exe)
    usmart_get_aparm                         0x08009469   Thumb Code   164  usmart_str.o(i.usmart_get_aparm)
    usmart_get_cmdname                       0x0800950d   Thumb Code    46  usmart_str.o(i.usmart_get_cmdname)
    usmart_get_fname                         0x0800953d   Thumb Code   352  usmart_str.o(i.usmart_get_fname)
    usmart_get_fparam                        0x080096a5   Thumb Code   202  usmart_str.o(i.usmart_get_fparam)
    usmart_get_parmpos                       0x08009775   Thumb Code    30  usmart_str.o(i.usmart_get_parmpos)
    usmart_get_runtime                       0x08009799   Thumb Code    38  usmart.o(i.usmart_get_runtime)
    usmart_init                              0x080097c9   Thumb Code    36  usmart.o(i.usmart_init)
    usmart_pow                               0x080097f1   Thumb Code    16  usmart_str.o(i.usmart_pow)
    usmart_reset_runtime                     0x08009801   Thumb Code    32  usmart.o(i.usmart_reset_runtime)
    usmart_scan                              0x08009829   Thumb Code    94  usmart.o(i.usmart_scan)
    usmart_search_nextc                      0x080098cd   Thumb Code    16  usmart_str.o(i.usmart_search_nextc)
    usmart_str2num                           0x080098dd   Thumb Code   214  usmart_str.o(i.usmart_str2num)
    usmart_strcmp                            0x080099b3   Thumb Code    24  usmart_str.o(i.usmart_strcmp)
    usmart_strcopy                           0x080099cb   Thumb Code    18  usmart_str.o(i.usmart_strcopy)
    usmart_strlen                            0x080099dd   Thumb Code    18  usmart_str.o(i.usmart_strlen)
    usmart_sys_cmd_exe                       0x080099f1   Thumb Code  1458  usmart.o(i.usmart_sys_cmd_exe)
    write_addr                               0x0800a071   Thumb Code     4  usmart.o(i.write_addr)
    __aeabi_dadd                             0x0800a075   Thumb Code     0  daddsub_clz.o(x$fpl$dadd)
    _dadd                                    0x0800a075   Thumb Code   332  daddsub_clz.o(x$fpl$dadd)
    __fpl_dcmp_Inf                           0x0800a1c5   Thumb Code    24  dcmpi.o(x$fpl$dcmpinf)
    __aeabi_d2uiz                            0x0800a1dd   Thumb Code     0  dfixu.o(x$fpl$dfixu)
    _dfixu                                   0x0800a1dd   Thumb Code    90  dfixu.o(x$fpl$dfixu)
    __aeabi_ui2d                             0x0800a237   Thumb Code     0  dflt_clz.o(x$fpl$dfltu)
    _dfltu                                   0x0800a237   Thumb Code    38  dflt_clz.o(x$fpl$dfltu)
    __aeabi_cdcmple                          0x0800a25d   Thumb Code     0  dleqf.o(x$fpl$dleqf)
    _dcmple                                  0x0800a25d   Thumb Code   120  dleqf.o(x$fpl$dleqf)
    __fpl_dcmple_InfNaN                      0x0800a2bf   Thumb Code     0  dleqf.o(x$fpl$dleqf)
    __aeabi_dmul                             0x0800a2d5   Thumb Code     0  dmul.o(x$fpl$dmul)
    _dmul                                    0x0800a2d5   Thumb Code   332  dmul.o(x$fpl$dmul)
    __fpl_dnaninf                            0x0800a429   Thumb Code   156  dnaninf.o(x$fpl$dnaninf)
    __fpl_dretinf                            0x0800a4c5   Thumb Code    12  dretinf.o(x$fpl$dretinf)
    __aeabi_cdrcmple                         0x0800a4d1   Thumb Code     0  drleqf.o(x$fpl$drleqf)
    _drcmple                                 0x0800a4d1   Thumb Code   108  drleqf.o(x$fpl$drleqf)
    __aeabi_drsub                            0x0800a53d   Thumb Code     0  daddsub_clz.o(x$fpl$drsb)
    _drsb                                    0x0800a53d   Thumb Code    22  daddsub_clz.o(x$fpl$drsb)
    _dsqrt                                   0x0800a555   Thumb Code   456  dsqrt_noumaal.o(x$fpl$dsqrt)
    __aeabi_dsub                             0x0800a721   Thumb Code     0  daddsub_clz.o(x$fpl$dsub)
    _dsub                                    0x0800a721   Thumb Code   464  daddsub_clz.o(x$fpl$dsub)
    __aeabi_f2d                              0x0800a8f5   Thumb Code     0  f2d.o(x$fpl$f2d)
    _f2d                                     0x0800a8f5   Thumb Code    86  f2d.o(x$fpl$f2d)
    __aeabi_fadd                             0x0800a94d   Thumb Code     0  faddsub_clz.o(x$fpl$fadd)
    _fadd                                    0x0800a94d   Thumb Code   196  faddsub_clz.o(x$fpl$fadd)
    __fpl_fcheck_NaN1                        0x0800aa11   Thumb Code     6  fcheck1.o(x$fpl$fcheck1)
    __aeabi_fdiv                             0x0800aa1d   Thumb Code     0  fdiv.o(x$fpl$fdiv)
    _fdiv                                    0x0800aa1d   Thumb Code   384  fdiv.o(x$fpl$fdiv)
    __aeabi_f2iz                             0x0800aba1   Thumb Code     0  ffix.o(x$fpl$ffix)
    _ffix                                    0x0800aba1   Thumb Code    54  ffix.o(x$fpl$ffix)
    __aeabi_f2uiz                            0x0800abd9   Thumb Code     0  ffixu.o(x$fpl$ffixu)
    _ffixu                                   0x0800abd9   Thumb Code    62  ffixu.o(x$fpl$ffixu)
    __aeabi_i2f                              0x0800ac19   Thumb Code     0  fflt_clz.o(x$fpl$fflt)
    _fflt                                    0x0800ac19   Thumb Code    48  fflt_clz.o(x$fpl$fflt)
    __aeabi_ui2f                             0x0800ac49   Thumb Code     0  fflt_clz.o(x$fpl$ffltu)
    _ffltu                                   0x0800ac49   Thumb Code    38  fflt_clz.o(x$fpl$ffltu)
    __aeabi_fmul                             0x0800ac71   Thumb Code     0  fmul.o(x$fpl$fmul)
    _fmul                                    0x0800ac71   Thumb Code   258  fmul.o(x$fpl$fmul)
    __fpl_fnaninf                            0x0800ad73   Thumb Code   140  fnaninf.o(x$fpl$fnaninf)
    __fpl_fretinf                            0x0800adff   Thumb Code    10  fretinf.o(x$fpl$fretinf)
    __aeabi_frsub                            0x0800ae09   Thumb Code     0  faddsub_clz.o(x$fpl$frsb)
    _frsb                                    0x0800ae09   Thumb Code    20  faddsub_clz.o(x$fpl$frsb)
    __aeabi_fsub                             0x0800ae1d   Thumb Code     0  faddsub_clz.o(x$fpl$fsub)
    _fsub                                    0x0800ae1d   Thumb Code   234  faddsub_clz.o(x$fpl$fsub)
    __fpl_return_NaN                         0x0800af07   Thumb Code   100  retnan.o(x$fpl$retnan)
    __ARM_scalbnf                            0x0800af6b   Thumb Code    76  scalbnf.o(x$fpl$scalbnf)
    __fpl_cmpreturn                          0x0800afb7   Thumb Code    48  trapv.o(x$fpl$trapveneer)
    __I$use$fp                               0x0800afe6   Number         0  usenofp.o(x$fpl$usenofp)
    gImage_cover                             0x0800afe6   Data       153608  main.o(.constdata)
    AHBPrescTable                            0x080307ee   Data          16  system_stm32f1xx.o(.constdata)
    APBPrescTable                            0x080307fe   Data           8  system_stm32f1xx.o(.constdata)
    asc2_1206                                0x08030806   Data        1140  lcd.o(.constdata)
    asc2_1608                                0x08030c7a   Data        1520  lcd.o(.constdata)
    asc2_2412                                0x0803126a   Data        3420  lcd.o(.constdata)
    table_week                               0x08031fc6   Data          12  rtc.o(.constdata)
    mon_table                                0x08031fd2   Data          12  rtc.o(.constdata)
    gImage_train                             0x08031fde   Data       10568  train_display.o(.constdata)
    gImage_train_color                       0x08034926   Data        4616  train_display.o(.constdata)
    gImage_train_station                     0x08035b2e   Data        2388  train_display.o(.constdata)
    gImage_train_down                        0x08036482   Data        4616  train_display.o(.constdata)
    gImage_train_up                          0x0803768a   Data        4616  train_display.o(.constdata)
    gImage_train_left                        0x08038892   Data        4616  train_display.o(.constdata)
    FT5206_TPX_TBL                           0x08039a9a   Data          10  ft5206.o(.constdata)
    GT9147_CFG_TBL                           0x08039aa4   Data         184  gt9147.o(.constdata)
    GT9147_TPX_TBL                           0x08039b5c   Data          10  gt9147.o(.constdata)
    OTT_TPX_TBL                              0x08039b66   Data          10  ott2001a.o(.constdata)
    TP_REMIND_MSG_TBL                        0x08039b70   Data           4  touch.o(.constdata)
    Region$$Table$$Base                      0x08039d44   Number         0  anon$$obj.o(Region$$Table)
    Region$$Table$$Limit                     0x08039d64   Number         0  anon$$obj.o(Region$$Table)
    SystemCoreClock                          0x20000000   Data           4  system_stm32f1xx.o(.data)
    aRxBuffer                                0x2000000c   Data           1  usart.o(.data)
    USART_RX_STA                             0x2000000e   Data           2  usart.o(.data)
    __stdout                                 0x20000010   Data           4  usart.o(.data)
    POINT_COLOR                              0x20000014   Data           4  lcd.o(.data)
    BACK_COLOR                               0x20000018   Data           4  lcd.o(.data)
    arriving_time                            0x20000020   Data           2  read.o(.data)
    i                                        0x2000002c   Data           4  train_set.o(.data)
    j                                        0x20000030   Data           4  train_set.o(.data)
    speed                                    0x20000034   Data           4  train_set.o(.data)
    CMD_RDX                                  0x2000003c   Data           1  touch.o(.data)
    CMD_RDY                                  0x2000003d   Data           1  touch.o(.data)
    tp_dev                                   0x20000040   Data          52  touch.o(.data)
    speed_state                              0x20000074   Data           1  speed.o(.data)
    speed_stock_count                        0x20000075   Data           1  speed.o(.data)
    time_stock_count                         0x20000076   Data           1  speed.o(.data)
    cleared_flag                             0x20000077   Data           1  speed.o(.data)
    time_count                               0x20000078   Data           4  speed.o(.data)
    real_speed                               0x2000007c   Data           4  speed.o(.data)
    sys_cmd_tab                              0x20000080   Data          28  usmart.o(.data)
    usmart_nametab                           0x2000009c   Data          48  usmart_config.o(.data)
    usmart_dev                               0x200000cc   Data         244  usmart_config.o(.data)
    USART_RX_BUF                             0x200001c0   Data         200  usart.o(.bss)
    UART1_Handler                            0x20000288   Data          64  usart.o(.bss)
    TFTSRAM_Handler                          0x200002c8   Data          68  lcd.o(.bss)
    lcddev                                   0x2000030c   Data          14  lcd.o(.bss)
    RTC_Handler                              0x2000031c   Data          20  rtc.o(.bss)
    calendar                                 0x20000330   Data          10  rtc.o(.bss)
    TIM3_Handler                             0x2000033c   Data          60  timer.o(.bss)
    time_counter                             0x20000378   Data          32  timer.o(.bss)
    speed_stock                              0x20000398   Data          12  speed.o(.bss)
    time_stock                               0x200003a4   Data          24  speed.o(.bss)
    TIM4_Handler                             0x200003bc   Data          60  usmart.o(.bss)
    __libspace_start                         0x200003f8   Data          96  libspace.o(.bss)
    __temporary_stack_top$libspace           0x20000458   Data           0  libspace.o(.bss)



==============================================================================

Memory Map of the image

  Image Entry point : 0x08000131

  Load Region LR_IROM1 (Base: 0x08000000, Size: 0x00039f24, Max: 0x00080000, ABSOLUTE, COMPRESSED[0x00039de0])

    Execution Region ER_IROM1 (Exec base: 0x08000000, Load base: 0x08000000, Size: 0x00039d64, Max: 0x00080000, ABSOLUTE)

    Exec Addr    Load Addr    Size         Type   Attr      Idx    E Section Name        Object

    0x08000000   0x08000000   0x00000130   Data   RO          510    RESET               startup_stm32f103xe.o
    0x08000130   0x08000130   0x00000008   Code   RO         4640  * !!!main             c_w.l(__main.o)
    0x08000138   0x08000138   0x00000034   Code   RO         4900    !!!scatter          c_w.l(__scatter.o)
    0x0800016c   0x0800016c   0x0000005a   Code   RO         4898    !!dczerorl2         c_w.l(__dczerorl2.o)
    0x080001c6   0x080001c6   0x00000002   PAD
    0x080001c8   0x080001c8   0x0000001c   Code   RO         4902    !!handler_zi        c_w.l(__scatter_zi.o)
    0x080001e4   0x080001e4   0x00000000   Code   RO         4635    .ARM.Collect$$_printf_percent$$00000000  c_w.l(_printf_percent.o)
    0x080001e4   0x080001e4   0x00000006   Code   RO         4633    .ARM.Collect$$_printf_percent$$00000009  c_w.l(_printf_d.o)
    0x080001ea   0x080001ea   0x00000006   Code   RO         4634    .ARM.Collect$$_printf_percent$$0000000A  c_w.l(_printf_u.o)
    0x080001f0   0x080001f0   0x00000006   Code   RO         4632    .ARM.Collect$$_printf_percent$$0000000C  c_w.l(_printf_x.o)
    0x080001f6   0x080001f6   0x00000006   Code   RO         4630    .ARM.Collect$$_printf_percent$$00000013  c_w.l(_printf_c.o)
    0x080001fc   0x080001fc   0x00000006   Code   RO         4631    .ARM.Collect$$_printf_percent$$00000014  c_w.l(_printf_s.o)
    0x08000202   0x08000202   0x00000004   Code   RO         4713    .ARM.Collect$$_printf_percent$$00000017  c_w.l(_printf_percent_end.o)
    0x08000206   0x08000206   0x00000002   Code   RO         4771    .ARM.Collect$$libinit$$00000000  c_w.l(libinit.o)
    0x08000208   0x08000208   0x00000000   Code   RO         4777    .ARM.Collect$$libinit$$00000002  c_w.l(libinit2.o)
    0x08000208   0x08000208   0x00000000   Code   RO         4779    .ARM.Collect$$libinit$$00000004  c_w.l(libinit2.o)
    0x08000208   0x08000208   0x00000000   Code   RO         4782    .ARM.Collect$$libinit$$0000000A  c_w.l(libinit2.o)
    0x08000208   0x08000208   0x00000000   Code   RO         4784    .ARM.Collect$$libinit$$0000000C  c_w.l(libinit2.o)
    0x08000208   0x08000208   0x00000000   Code   RO         4786    .ARM.Collect$$libinit$$0000000E  c_w.l(libinit2.o)
    0x08000208   0x08000208   0x00000000   Code   RO         4789    .ARM.Collect$$libinit$$00000011  c_w.l(libinit2.o)
    0x08000208   0x08000208   0x00000000   Code   RO         4791    .ARM.Collect$$libinit$$00000013  c_w.l(libinit2.o)
    0x08000208   0x08000208   0x00000000   Code   RO         4793    .ARM.Collect$$libinit$$00000015  c_w.l(libinit2.o)
    0x08000208   0x08000208   0x00000000   Code   RO         4795    .ARM.Collect$$libinit$$00000017  c_w.l(libinit2.o)
    0x08000208   0x08000208   0x00000000   Code   RO         4797    .ARM.Collect$$libinit$$00000019  c_w.l(libinit2.o)
    0x08000208   0x08000208   0x00000000   Code   RO         4799    .ARM.Collect$$libinit$$0000001B  c_w.l(libinit2.o)
    0x08000208   0x08000208   0x00000000   Code   RO         4801    .ARM.Collect$$libinit$$0000001D  c_w.l(libinit2.o)
    0x08000208   0x08000208   0x00000000   Code   RO         4803    .ARM.Collect$$libinit$$0000001F  c_w.l(libinit2.o)
    0x08000208   0x08000208   0x00000000   Code   RO         4805    .ARM.Collect$$libinit$$00000021  c_w.l(libinit2.o)
    0x08000208   0x08000208   0x00000000   Code   RO         4807    .ARM.Collect$$libinit$$00000023  c_w.l(libinit2.o)
    0x08000208   0x08000208   0x00000000   Code   RO         4809    .ARM.Collect$$libinit$$00000025  c_w.l(libinit2.o)
    0x08000208   0x08000208   0x00000000   Code   RO         4813    .ARM.Collect$$libinit$$0000002C  c_w.l(libinit2.o)
    0x08000208   0x08000208   0x00000000   Code   RO         4815    .ARM.Collect$$libinit$$0000002E  c_w.l(libinit2.o)
    0x08000208   0x08000208   0x00000000   Code   RO         4817    .ARM.Collect$$libinit$$00000030  c_w.l(libinit2.o)
    0x08000208   0x08000208   0x00000000   Code   RO         4819    .ARM.Collect$$libinit$$00000032  c_w.l(libinit2.o)
    0x08000208   0x08000208   0x00000002   Code   RO         4820    .ARM.Collect$$libinit$$00000033  c_w.l(libinit2.o)
    0x0800020a   0x0800020a   0x00000002   Code   RO         4838    .ARM.Collect$$libshutdown$$00000000  c_w.l(libshutdown.o)
    0x0800020c   0x0800020c   0x00000000   Code   RO         4848    .ARM.Collect$$libshutdown$$00000002  c_w.l(libshutdown2.o)
    0x0800020c   0x0800020c   0x00000000   Code   RO         4850    .ARM.Collect$$libshutdown$$00000004  c_w.l(libshutdown2.o)
    0x0800020c   0x0800020c   0x00000000   Code   RO         4852    .ARM.Collect$$libshutdown$$00000006  c_w.l(libshutdown2.o)
    0x0800020c   0x0800020c   0x00000000   Code   RO         4855    .ARM.Collect$$libshutdown$$00000009  c_w.l(libshutdown2.o)
    0x0800020c   0x0800020c   0x00000000   Code   RO         4858    .ARM.Collect$$libshutdown$$0000000C  c_w.l(libshutdown2.o)
    0x0800020c   0x0800020c   0x00000000   Code   RO         4860    .ARM.Collect$$libshutdown$$0000000E  c_w.l(libshutdown2.o)
    0x0800020c   0x0800020c   0x00000000   Code   RO         4863    .ARM.Collect$$libshutdown$$00000011  c_w.l(libshutdown2.o)
    0x0800020c   0x0800020c   0x00000002   Code   RO         4864    .ARM.Collect$$libshutdown$$00000012  c_w.l(libshutdown2.o)
    0x0800020e   0x0800020e   0x00000000   Code   RO         4704    .ARM.Collect$$rtentry$$00000000  c_w.l(__rtentry.o)
    0x0800020e   0x0800020e   0x00000000   Code   RO         4730    .ARM.Collect$$rtentry$$00000002  c_w.l(__rtentry2.o)
    0x0800020e   0x0800020e   0x00000006   Code   RO         4742    .ARM.Collect$$rtentry$$00000004  c_w.l(__rtentry4.o)
    0x08000214   0x08000214   0x00000000   Code   RO         4732    .ARM.Collect$$rtentry$$00000009  c_w.l(__rtentry2.o)
    0x08000214   0x08000214   0x00000004   Code   RO         4733    .ARM.Collect$$rtentry$$0000000A  c_w.l(__rtentry2.o)
    0x08000218   0x08000218   0x00000000   Code   RO         4735    .ARM.Collect$$rtentry$$0000000C  c_w.l(__rtentry2.o)
    0x08000218   0x08000218   0x00000008   Code   RO         4736    .ARM.Collect$$rtentry$$0000000D  c_w.l(__rtentry2.o)
    0x08000220   0x08000220   0x00000002   Code   RO         4774    .ARM.Collect$$rtexit$$00000000  c_w.l(rtexit.o)
    0x08000222   0x08000222   0x00000000   Code   RO         4822    .ARM.Collect$$rtexit$$00000002  c_w.l(rtexit2.o)
    0x08000222   0x08000222   0x00000004   Code   RO         4823    .ARM.Collect$$rtexit$$00000003  c_w.l(rtexit2.o)
    0x08000226   0x08000226   0x00000006   Code   RO         4824    .ARM.Collect$$rtexit$$00000004  c_w.l(rtexit2.o)
    0x0800022c   0x0800022c   0x00000040   Code   RO          511    .text               startup_stm32f103xe.o
    0x0800026c   0x0800026c   0x00000002   Code   RO         4575    .text               c_w.l(use_no_semi_2.o)
    0x0800026e   0x0800026e   0x00000002   PAD
    0x08000270   0x08000270   0x00000018   Code   RO         4579    .text               c_w.l(noretval__2printf.o)
    0x08000288   0x08000288   0x0000004e   Code   RO         4583    .text               c_w.l(_printf_pad.o)
    0x080002d6   0x080002d6   0x00000052   Code   RO         4585    .text               c_w.l(_printf_str.o)
    0x08000328   0x08000328   0x00000078   Code   RO         4587    .text               c_w.l(_printf_dec.o)
    0x080003a0   0x080003a0   0x00000058   Code   RO         4592    .text               c_w.l(_printf_hex_int.o)
    0x080003f8   0x080003f8   0x00000188   Code   RO         4627    .text               c_w.l(__printf_flags_ss_wp.o)
    0x08000580   0x08000580   0x00000080   Code   RO         4636    .text               c_w.l(strcmpv7m.o)
    0x08000600   0x08000600   0x00000006   Code   RO         4638    .text               c_w.l(heapauxi.o)
    0x08000606   0x08000606   0x00000002   Code   RO         4702    .text               c_w.l(use_no_semi.o)
    0x08000608   0x08000608   0x00000016   Code   RO         4705    .text               c_w.l(_rserrno.o)
    0x0800061e   0x0800061e   0x000000b2   Code   RO         4707    .text               c_w.l(_printf_intcommon.o)
    0x080006d0   0x080006d0   0x0000002c   Code   RO         4709    .text               c_w.l(_printf_char.o)
    0x080006fc   0x080006fc   0x00000024   Code   RO         4711    .text               c_w.l(_printf_char_file.o)
    0x08000720   0x08000720   0x00000008   Code   RO         4747    .text               c_w.l(rt_errno_addr_intlibspace.o)
    0x08000728   0x08000728   0x00000030   Code   RO         4749    .text               c_w.l(_printf_char_common.o)
    0x08000758   0x08000758   0x00000008   Code   RO         4751    .text               c_w.l(ferror.o)
    0x08000760   0x08000760   0x00000008   Code   RO         4757    .text               c_w.l(libspace.o)
    0x08000768   0x08000768   0x0000004a   Code   RO         4760    .text               c_w.l(sys_stackheap_outer.o)
    0x080007b2   0x080007b2   0x00000012   Code   RO         4764    .text               c_w.l(exit.o)
    0x080007c4   0x080007c4   0x00000004   Code   RO         3761    i.AT24CXX_Init      24cxx.o
    0x080007c8   0x080007c8   0x00000022   Code   RO         3762    i.AT24CXX_Read      24cxx.o
    0x080007ea   0x080007ea   0x00000042   Code   RO         3764    i.AT24CXX_ReadOneByte  24cxx.o
    0x0800082c   0x0800082c   0x00000020   Code   RO         3765    i.AT24CXX_Write     24cxx.o
    0x0800084c   0x0800084c   0x0000003e   Code   RO         3767    i.AT24CXX_WriteOneByte  24cxx.o
    0x0800088a   0x0800088a   0x00000002   Code   RO          289    i.BusFault_Handler  stm32f1xx_it.o
    0x0800088c   0x0800088c   0x0000004c   Code   RO         3827    i.CT_IIC_Ack        ctiic.o
    0x080008d8   0x080008d8   0x0000006c   Code   RO         3828    i.CT_IIC_Init       ctiic.o
    0x08000944   0x08000944   0x0000004c   Code   RO         3829    i.CT_IIC_NAck       ctiic.o
    0x08000990   0x08000990   0x00000074   Code   RO         3830    i.CT_IIC_Read_Byte  ctiic.o
    0x08000a04   0x08000a04   0x00000068   Code   RO         3831    i.CT_IIC_Send_Byte  ctiic.o
    0x08000a6c   0x08000a6c   0x0000004c   Code   RO         3832    i.CT_IIC_Start      ctiic.o
    0x08000ab8   0x08000ab8   0x00000044   Code   RO         3833    i.CT_IIC_Stop       ctiic.o
    0x08000afc   0x08000afc   0x00000058   Code   RO         3834    i.CT_IIC_Wait_Ack   ctiic.o
    0x08000b54   0x08000b54   0x00000002   Code   RO          290    i.DebugMon_Handler  stm32f1xx_it.o
    0x08000b56   0x08000b56   0x00000002   PAD
    0x08000b58   0x08000b58   0x00000064   Code   RO         2658    i.FSMC_NORSRAM_Extended_Timing_Init  stm32f1xx_ll_fsmc.o
    0x08000bbc   0x08000bbc   0x0000009c   Code   RO         2659    i.FSMC_NORSRAM_Init  stm32f1xx_ll_fsmc.o
    0x08000c58   0x08000c58   0x00000076   Code   RO         2660    i.FSMC_NORSRAM_Timing_Init  stm32f1xx_ll_fsmc.o
    0x08000cce   0x08000cce   0x00000002   PAD
    0x08000cd0   0x08000cd0   0x000000ec   Code   RO         3901    i.FT5206_Init       ft5206.o
    0x08000dbc   0x08000dbc   0x00000056   Code   RO         3902    i.FT5206_RD_Reg     ft5206.o
    0x08000e12   0x08000e12   0x00000002   PAD
    0x08000e14   0x08000e14   0x00000134   Code   RO         3903    i.FT5206_Scan       ft5206.o
    0x08000f48   0x08000f48   0x00000048   Code   RO         3904    i.FT5206_WR_Reg     ft5206.o
    0x08000f90   0x08000f90   0x00000184   Code   RO         3559    i.GPIO_Init         gpio.o
    0x08001114   0x08001114   0x00000158   Code   RO         3950    i.GT9147_Init       gt9147.o
    0x0800126c   0x0800126c   0x00000060   Code   RO         3951    i.GT9147_RD_Reg     gt9147.o
    0x080012cc   0x080012cc   0x000001b0   Code   RO         3952    i.GT9147_Scan       gt9147.o
    0x0800147c   0x0800147c   0x0000004c   Code   RO         3953    i.GT9147_Send_Cfg   gt9147.o
    0x080014c8   0x080014c8   0x00000052   Code   RO         3954    i.GT9147_WR_Reg     gt9147.o
    0x0800151a   0x0800151a   0x00000002   PAD
    0x0800151c   0x0800151c   0x0000000c   Code   RO         4269    i.Get_now_time_counter  timer.o
    0x08001528   0x08001528   0x00000016   Code   RO          525    i.HAL_Delay         stm32f1xx_hal.o
    0x0800153e   0x0800153e   0x00000002   PAD
    0x08001540   0x08001540   0x000001ec   Code   RO          772    i.HAL_GPIO_Init     stm32f1xx_hal_gpio.o
    0x0800172c   0x0800172c   0x0000000a   Code   RO          774    i.HAL_GPIO_ReadPin  stm32f1xx_hal_gpio.o
    0x08001736   0x08001736   0x0000000a   Code   RO          776    i.HAL_GPIO_WritePin  stm32f1xx_hal_gpio.o
    0x08001740   0x08001740   0x0000000c   Code   RO          529    i.HAL_GetTick       stm32f1xx_hal.o
    0x0800174c   0x0800174c   0x00000010   Code   RO          530    i.HAL_IncTick       stm32f1xx_hal.o
    0x0800175c   0x0800175c   0x00000024   Code   RO          531    i.HAL_Init          stm32f1xx_hal.o
    0x08001780   0x08001780   0x00000022   Code   RO          532    i.HAL_InitTick      stm32f1xx_hal.o
    0x080017a2   0x080017a2   0x00000002   Code   RO          482    i.HAL_MspInit       stm32f1xx_hal_msp.o
    0x080017a4   0x080017a4   0x00000016   Code   RO          654    i.HAL_NVIC_EnableIRQ  stm32f1xx_hal_cortex.o
    0x080017ba   0x080017ba   0x00000002   PAD
    0x080017bc   0x080017bc   0x00000040   Code   RO          660    i.HAL_NVIC_SetPriority  stm32f1xx_hal_cortex.o
    0x080017fc   0x080017fc   0x00000024   Code   RO          661    i.HAL_NVIC_SetPriorityGrouping  stm32f1xx_hal_cortex.o
    0x08001820   0x08001820   0x00000018   Code   RO          878    i.HAL_PWR_EnableBkUpAccess  stm32f1xx_hal_pwr.o
    0x08001838   0x08001838   0x00000100   Code   RO         1099    i.HAL_RCCEx_GetPeriphCLKFreq  stm32f1xx_hal_rcc_ex.o
    0x08001938   0x08001938   0x0000012c   Code   RO         1100    i.HAL_RCCEx_PeriphCLKConfig  stm32f1xx_hal_rcc_ex.o
    0x08001a64   0x08001a64   0x00000180   Code   RO          997    i.HAL_RCC_ClockConfig  stm32f1xx_hal_rcc.o
    0x08001be4   0x08001be4   0x0000000c   Code   RO         1002    i.HAL_RCC_GetHCLKFreq  stm32f1xx_hal_rcc.o
    0x08001bf0   0x08001bf0   0x00000030   Code   RO         1004    i.HAL_RCC_GetPCLK1Freq  stm32f1xx_hal_rcc.o
    0x08001c20   0x08001c20   0x00000030   Code   RO         1005    i.HAL_RCC_GetPCLK2Freq  stm32f1xx_hal_rcc.o
    0x08001c50   0x08001c50   0x00000088   Code   RO         1006    i.HAL_RCC_GetSysClockFreq  stm32f1xx_hal_rcc.o
    0x08001cd8   0x08001cd8   0x0000057a   Code   RO         1009    i.HAL_RCC_OscConfig  stm32f1xx_hal_rcc.o
    0x08002252   0x08002252   0x00000002   PAD
    0x08002254   0x08002254   0x00000010   Code   RO         2946    i.HAL_RTCEx_BKUPRead  stm32f1xx_hal_rtc_ex.o
    0x08002264   0x08002264   0x00000010   Code   RO         2947    i.HAL_RTCEx_BKUPWrite  stm32f1xx_hal_rtc_ex.o
    0x08002274   0x08002274   0x000000a0   Code   RO         2784    i.HAL_RTC_Init      stm32f1xx_hal_rtc.o
    0x08002314   0x08002314   0x0000008c   Code   RO         3485    i.HAL_RTC_MspInit   rtc.o
    0x080023a0   0x080023a0   0x0000003a   Code   RO         2792    i.HAL_RTC_WaitForSynchro  stm32f1xx_hal_rtc.o
    0x080023da   0x080023da   0x00000056   Code   RO         2534    i.HAL_SRAM_Init     stm32f1xx_hal_sram.o
    0x08002430   0x08002430   0x00000090   Code   RO         3223    i.HAL_SRAM_MspInit  lcd.o
    0x080024c0   0x080024c0   0x00000018   Code   RO          663    i.HAL_SYSTICK_CLKSourceConfig  stm32f1xx_hal_cortex.o
    0x080024d8   0x080024d8   0x00000028   Code   RO          665    i.HAL_SYSTICK_Config  stm32f1xx_hal_cortex.o
    0x08002500   0x08002500   0x00000002   Code   RO         2297    i.HAL_TIMEx_BreakCallback  stm32f1xx_hal_tim_ex.o
    0x08002502   0x08002502   0x00000002   Code   RO         2298    i.HAL_TIMEx_CommutationCallback  stm32f1xx_hal_tim_ex.o
    0x08002504   0x08002504   0x00000036   Code   RO         1668    i.HAL_TIM_Base_Init  stm32f1xx_hal_tim.o
    0x0800253a   0x0800253a   0x00000002   PAD
    0x0800253c   0x0800253c   0x0000003c   Code   RO         4270    i.HAL_TIM_Base_MspInit  timer.o
    0x08002578   0x08002578   0x00000018   Code   RO         1673    i.HAL_TIM_Base_Start_IT  stm32f1xx_hal_tim.o
    0x08002590   0x08002590   0x00000002   Code   RO         1697    i.HAL_TIM_IC_CaptureCallback  stm32f1xx_hal_tim.o
    0x08002592   0x08002592   0x00000166   Code   RO         1710    i.HAL_TIM_IRQHandler  stm32f1xx_hal_tim.o
    0x080026f8   0x080026f8   0x00000002   Code   RO         1713    i.HAL_TIM_OC_DelayElapsedCallback  stm32f1xx_hal_tim.o
    0x080026fa   0x080026fa   0x00000002   Code   RO         1740    i.HAL_TIM_PWM_PulseFinishedCallback  stm32f1xx_hal_tim.o
    0x080026fc   0x080026fc   0x00000020   Code   RO         4271    i.HAL_TIM_PeriodElapsedCallback  timer.o
    0x0800271c   0x0800271c   0x00000002   Code   RO         1751    i.HAL_TIM_TriggerCallback  stm32f1xx_hal_tim.o
    0x0800271e   0x0800271e   0x00000002   Code   RO         1146    i.HAL_UART_ErrorCallback  stm32f1xx_hal_uart.o
    0x08002720   0x08002720   0x00000006   Code   RO         1148    i.HAL_UART_GetState  stm32f1xx_hal_uart.o
    0x08002726   0x08002726   0x000000d8   Code   RO         1149    i.HAL_UART_IRQHandler  stm32f1xx_hal_uart.o
    0x080027fe   0x080027fe   0x0000005e   Code   RO         1150    i.HAL_UART_Init     stm32f1xx_hal_uart.o
    0x0800285c   0x0800285c   0x0000008c   Code   RO         3132    i.HAL_UART_MspInit  usart.o
    0x080028e8   0x080028e8   0x00000068   Code   RO         1155    i.HAL_UART_Receive_IT  stm32f1xx_hal_uart.o
    0x08002950   0x08002950   0x00000058   Code   RO         3133    i.HAL_UART_RxCpltCallback  usart.o
    0x080029a8   0x080029a8   0x00000002   Code   RO         1161    i.HAL_UART_TxCpltCallback  stm32f1xx_hal_uart.o
    0x080029aa   0x080029aa   0x00000002   Code   RO          291    i.HardFault_Handler  stm32f1xx_it.o
    0x080029ac   0x080029ac   0x00000040   Code   RO         4002    i.IIC_Ack           myiic.o
    0x080029ec   0x080029ec   0x00000048   Code   RO         4003    i.IIC_Init          myiic.o
    0x08002a34   0x08002a34   0x00000040   Code   RO         4004    i.IIC_NAck          myiic.o
    0x08002a74   0x08002a74   0x0000006c   Code   RO         4005    i.IIC_Read_Byte     myiic.o
    0x08002ae0   0x08002ae0   0x00000060   Code   RO         4006    i.IIC_Send_Byte     myiic.o
    0x08002b40   0x08002b40   0x00000040   Code   RO         4007    i.IIC_Start         myiic.o
    0x08002b80   0x08002b80   0x00000044   Code   RO         4008    i.IIC_Stop          myiic.o
    0x08002bc4   0x08002bc4   0x00000058   Code   RO         4009    i.IIC_Wait_Ack      myiic.o
    0x08002c1c   0x08002c1c   0x00000026   Code   RO         3486    i.Is_Leap_Year      rtc.o
    0x08002c42   0x08002c42   0x00000002   PAD
    0x08002c44   0x08002c44   0x00000060   Code   RO         3729    i.KEY_Init          key.o
    0x08002ca4   0x08002ca4   0x00000080   Code   RO         3730    i.KEY_Scan          key.o
    0x08002d24   0x08002d24   0x00000030   Code   RO         3225    i.LCD_Clear         lcd.o
    0x08002d54   0x08002d54   0x000000e8   Code   RO         3229    i.LCD_Display_Dir   lcd.o
    0x08002e3c   0x08002e3c   0x00000018   Code   RO         3230    i.LCD_DrawColorPoint  lcd.o
    0x08002e54   0x08002e54   0x00000096   Code   RO         3231    i.LCD_DrawLine      lcd.o
    0x08002eea   0x08002eea   0x00000002   PAD
    0x08002eec   0x08002eec   0x0000001c   Code   RO         3232    i.LCD_DrawPoint     lcd.o
    0x08002f08   0x08002f08   0x00000038   Code   RO         3233    i.LCD_DrawRectangle  lcd.o
    0x08002f40   0x08002f40   0x000000b0   Code   RO         3235    i.LCD_Draw_Circle   lcd.o
    0x08002ff0   0x08002ff0   0x000000e4   Code   RO         3236    i.LCD_Draw_ColorCircle  lcd.o
    0x080030d4   0x080030d4   0x000000a0   Code   RO         3237    i.LCD_Draw_FilledLowerSemicircle  lcd.o
    0x08003174   0x08003174   0x0000009c   Code   RO         3238    i.LCD_Draw_FilledUpperSemicircle  lcd.o
    0x08003210   0x08003210   0x000000d0   Code   RO         3240    i.LCD_Fast_DrawPoint  lcd.o
    0x080032e0   0x080032e0   0x00000048   Code   RO         3241    i.LCD_Fill          lcd.o
    0x08003328   0x08003328   0x00002ac4   Code   RO         3242    i.LCD_Init          lcd.o
    0x08005dec   0x08005dec   0x00000010   Code   RO         3243    i.LCD_Pow           lcd.o
    0x08005dfc   0x08005dfc   0x00000014   Code   RO         3244    i.LCD_RD_DATA       lcd.o
    0x08005e10   0x08005e10   0x0000004c   Code   RO         3247    i.LCD_SSD_BackLightSet  lcd.o
    0x08005e5c   0x08005e5c   0x000001a4   Code   RO         3248    i.LCD_Scan_Dir      lcd.o
    0x08006000   0x08006000   0x000000f0   Code   RO         3249    i.LCD_SetCursor     lcd.o
    0x080060f0   0x080060f0   0x000000cc   Code   RO         3251    i.LCD_ShowChar      lcd.o
    0x080061bc   0x080061bc   0x00000076   Code   RO         3252    i.LCD_ShowNum       lcd.o
    0x08006232   0x08006232   0x00000054   Code   RO         3253    i.LCD_ShowString    lcd.o
    0x08006286   0x08006286   0x00000002   PAD
    0x08006288   0x08006288   0x00000018   Code   RO         3255    i.LCD_WR_DATA       lcd.o
    0x080062a0   0x080062a0   0x00000018   Code   RO         3256    i.LCD_WR_REG        lcd.o
    0x080062b8   0x080062b8   0x00000014   Code   RO         3258    i.LCD_WriteRAM_Prepare  lcd.o
    0x080062cc   0x080062cc   0x00000010   Code   RO         3259    i.LCD_WriteReg      lcd.o
    0x080062dc   0x080062dc   0x00000070   Code   RO         3198    i.LED_Init          led.o
    0x0800634c   0x0800634c   0x00000002   Code   RO          292    i.MemManage_Handler  stm32f1xx_it.o
    0x0800634e   0x0800634e   0x00000002   Code   RO          293    i.NMI_Handler       stm32f1xx_it.o
    0x08006350   0x08006350   0x00000020   Code   RO          667    i.NVIC_SetPriority  stm32f1xx_hal_cortex.o
    0x08006370   0x08006370   0x000000a8   Code   RO         4068    i.OTT2001A_Init     ott2001a.o
    0x08006418   0x08006418   0x00000060   Code   RO         4069    i.OTT2001A_RD_Reg   ott2001a.o
    0x08006478   0x08006478   0x00000164   Code   RO         4070    i.OTT2001A_Scan     ott2001a.o
    0x080065dc   0x080065dc   0x0000001e   Code   RO         4071    i.OTT2001A_SensorControl  ott2001a.o
    0x080065fa   0x080065fa   0x00000052   Code   RO         4072    i.OTT2001A_WR_Reg   ott2001a.o
    0x0800664c   0x0800664c   0x00000002   Code   RO          294    i.PendSV_Handler    stm32f1xx_it.o
    0x0800664e   0x0800664e   0x00000002   PAD
    0x08006650   0x08006650   0x00000100   Code   RO         3487    i.RTC_Alarm_Set     rtc.o
    0x08006750   0x08006750   0x00000034   Code   RO         2796    i.RTC_EnterInitMode  stm32f1xx_hal_rtc.o
    0x08006784   0x08006784   0x00000034   Code   RO         2797    i.RTC_ExitInitMode  stm32f1xx_hal_rtc.o
    0x080067b8   0x080067b8   0x000000e0   Code   RO         3488    i.RTC_Get           rtc.o
    0x08006898   0x08006898   0x00000050   Code   RO         3489    i.RTC_Get_Week      rtc.o
    0x080068e8   0x080068e8   0x00000060   Code   RO         3490    i.RTC_IRQHandler    rtc.o
    0x08006948   0x08006948   0x00000090   Code   RO         3491    i.RTC_Init          rtc.o
    0x080069d8   0x080069d8   0x00000104   Code   RO         3492    i.RTC_Set           rtc.o
    0x08006adc   0x08006adc   0x00000010   Code   RO         4272    i.Reset_time_counter  timer.o
    0x08006aec   0x08006aec   0x00000002   Code   RO          295    i.SVC_Handler       stm32f1xx_it.o
    0x08006aee   0x08006aee   0x00000044   Code   RO         3089    i.Stm32_Clock_Init  sys.o
    0x08006b32   0x08006b32   0x00000004   Code   RO          296    i.SysTick_Handler   stm32f1xx_it.o
    0x08006b36   0x08006b36   0x00000002   PAD
    0x08006b38   0x08006b38   0x00000048   Code   RO          368    i.SystemInit        system_stm32f1xx.o
    0x08006b80   0x08006b80   0x0000000c   Code   RO         4273    i.TIM3_IRQHandler   timer.o
    0x08006b8c   0x08006b8c   0x00000038   Code   RO         4274    i.TIM3_Init         timer.o
    0x08006bc4   0x08006bc4   0x00000034   Code   RO         4382    i.TIM4_IRQHandler   usmart.o
    0x08006bf8   0x08006bf8   0x00000084   Code   RO         1752    i.TIM_Base_SetConfig  stm32f1xx_hal_tim.o
    0x08006c7c   0x08006c7c   0x00000178   Code   RO         4120    i.TP_Adj_Info_Show  touch.o
    0x08006df4   0x08006df4   0x00000570   Code   RO         4121    i.TP_Adjust         touch.o
    0x08007364   0x08007364   0x00000070   Code   RO         4123    i.TP_Drow_Touch_Point  touch.o
    0x080073d4   0x080073d4   0x0000003c   Code   RO         4124    i.TP_Get_Adjdata    touch.o
    0x08007410   0x08007410   0x00000178   Code   RO         4125    i.TP_Init           touch.o
    0x08007588   0x08007588   0x00000084   Code   RO         4126    i.TP_Read_AD        touch.o
    0x0800760c   0x0800760c   0x00000060   Code   RO         4127    i.TP_Read_XOY       touch.o
    0x0800766c   0x0800766c   0x00000028   Code   RO         4128    i.TP_Read_XY        touch.o
    0x08007694   0x08007694   0x0000007c   Code   RO         4129    i.TP_Read_XY2       touch.o
    0x08007710   0x08007710   0x0000001c   Code   RO         4130    i.TP_Save_Adjdata   touch.o
    0x0800772c   0x0800772c   0x000000b4   Code   RO         4131    i.TP_Scan           touch.o
    0x080077e0   0x080077e0   0x00000048   Code   RO         4132    i.TP_Write_Byte     touch.o
    0x08007828   0x08007828   0x00000054   Code   RO         4383    i.Timer4_Init       usmart.o
    0x0800787c   0x0800787c   0x000000a6   Code   RO         1168    i.UART_Receive_IT   stm32f1xx_hal_uart.o
    0x08007922   0x08007922   0x00000002   PAD
    0x08007924   0x08007924   0x00000170   Code   RO         1169    i.UART_SetConfig    stm32f1xx_hal_uart.o
    0x08007a94   0x08007a94   0x00000066   Code   RO         1170    i.UART_Transmit_IT  stm32f1xx_hal_uart.o
    0x08007afa   0x08007afa   0x00000002   PAD
    0x08007afc   0x08007afc   0x0000002c   Code   RO         3134    i.USART1_IRQHandler  usart.o
    0x08007b28   0x08007b28   0x00000002   Code   RO          297    i.UsageFault_Handler  stm32f1xx_it.o
    0x08007b2a   0x08007b2a   0x0000000e   Code   RO         4620    i._is_digit         c_w.l(__printf_wp.o)
    0x08007b38   0x08007b38   0x00000002   Code   RO         3135    i._sys_exit         usart.o
    0x08007b3a   0x08007b3a   0x00000002   PAD
    0x08007b3c   0x08007b3c   0x00000108   Code   RO         4330    i.cal_speed_pre     speed.o
    0x08007c44   0x08007c44   0x00000014   Code   RO         3048    i.delay_init        delay.o
    0x08007c58   0x08007c58   0x0000001a   Code   RO         3049    i.delay_ms          delay.o
    0x08007c72   0x08007c72   0x00000002   PAD
    0x08007c74   0x08007c74   0x00000034   Code   RO         3050    i.delay_us          delay.o
    0x08007ca8   0x08007ca8   0x00000058   Code   RO         3583    i.display_arriving_time  read.o
    0x08007d00   0x08007d00   0x00000088   Code   RO         4331    i.floatToChar       speed.o
    0x08007d88   0x08007d88   0x00000018   Code   RO         3136    i.fputc             usart.o
    0x08007da0   0x08007da0   0x000002ac   Code   RO         3682    i.light_set         train_set.o
    0x0800804c   0x0800804c   0x00000150   Code   RO            4    i.main              main.o
    0x0800819c   0x0800819c   0x00000004   Code   RO         4384    i.read_addr         usmart.o
    0x080081a0   0x080081a0   0x00000208   Code   RO         3584    i.read_signal       read.o
    0x080083a8   0x080083a8   0x000000b8   Code   RO         4228    i.read_signal2      read_siganl2.o
    0x08008460   0x08008460   0x00000048   Code   RO         4229    i.send_signal       read_siganl2.o
    0x080084a8   0x080084a8   0x00000340   Code   RO         3585    i.set_light         read.o
    0x080087e8   0x080087e8   0x00000038   Code   RO         3261    i.show_picture      lcd.o
    0x08008820   0x08008820   0x00000024   Code   RO         4332    i.speed_Init        speed.o
    0x08008844   0x08008844   0x000000a8   Code   RO         4333    i.speed_display     speed.o
    0x080088ec   0x080088ec   0x000000f8   Code   RO         3683    i.speed_set         train_set.o
    0x080089e4   0x080089e4   0x0000004c   Code   RO         4695    i.sqrt              m_ws.l(sqrt.o)
    0x08008a30   0x08008a30   0x00000148   Code   RO         3657    i.time_display      time_display.o
    0x08008b78   0x08008b78   0x00000328   Code   RO         3625    i.train_display     train_display.o
    0x08008ea0   0x08008ea0   0x0000029c   Code   RO         3684    i.train_set         train_set.o
    0x0800913c   0x0800913c   0x00000038   Code   RO         3137    i.uart_init         usart.o
    0x08009174   0x08009174   0x00000094   Code   RO         4385    i.usmart_cmd_rec    usmart.o
    0x08009208   0x08009208   0x00000260   Code   RO         4386    i.usmart_exe        usmart.o
    0x08009468   0x08009468   0x000000a4   Code   RO         4497    i.usmart_get_aparm  usmart_str.o
    0x0800950c   0x0800950c   0x0000002e   Code   RO         4498    i.usmart_get_cmdname  usmart_str.o
    0x0800953a   0x0800953a   0x00000002   PAD
    0x0800953c   0x0800953c   0x00000168   Code   RO         4499    i.usmart_get_fname  usmart_str.o
    0x080096a4   0x080096a4   0x000000d0   Code   RO         4500    i.usmart_get_fparam  usmart_str.o
    0x08009774   0x08009774   0x00000024   Code   RO         4501    i.usmart_get_parmpos  usmart_str.o
    0x08009798   0x08009798   0x00000030   Code   RO         4387    i.usmart_get_runtime  usmart.o
    0x080097c8   0x080097c8   0x00000028   Code   RO         4388    i.usmart_init       usmart.o
    0x080097f0   0x080097f0   0x00000010   Code   RO         4502    i.usmart_pow        usmart_str.o
    0x08009800   0x08009800   0x00000028   Code   RO         4389    i.usmart_reset_runtime  usmart.o
    0x08009828   0x08009828   0x000000a4   Code   RO         4390    i.usmart_scan       usmart.o
    0x080098cc   0x080098cc   0x00000010   Code   RO         4503    i.usmart_search_nextc  usmart_str.o
    0x080098dc   0x080098dc   0x000000d6   Code   RO         4504    i.usmart_str2num    usmart_str.o
    0x080099b2   0x080099b2   0x00000018   Code   RO         4505    i.usmart_strcmp     usmart_str.o
    0x080099ca   0x080099ca   0x00000012   Code   RO         4506    i.usmart_strcopy    usmart_str.o
    0x080099dc   0x080099dc   0x00000012   Code   RO         4507    i.usmart_strlen     usmart_str.o
    0x080099ee   0x080099ee   0x00000002   PAD
    0x080099f0   0x080099f0   0x00000680   Code   RO         4391    i.usmart_sys_cmd_exe  usmart.o
    0x0800a070   0x0800a070   0x00000004   Code   RO         4392    i.write_addr        usmart.o
    0x0800a074   0x0800a074   0x00000150   Code   RO         4642    x$fpl$dadd          fz_ws.l(daddsub_clz.o)
    0x0800a1c4   0x0800a1c4   0x00000018   Code   RO         4714    x$fpl$dcmpinf       fz_ws.l(dcmpi.o)
    0x0800a1dc   0x0800a1dc   0x0000005a   Code   RO         4648    x$fpl$dfixu         fz_ws.l(dfixu.o)
    0x0800a236   0x0800a236   0x00000026   Code   RO         4652    x$fpl$dfltu         fz_ws.l(dflt_clz.o)
    0x0800a25c   0x0800a25c   0x00000078   Code   RO         4658    x$fpl$dleqf         fz_ws.l(dleqf.o)
    0x0800a2d4   0x0800a2d4   0x00000154   Code   RO         4660    x$fpl$dmul          fz_ws.l(dmul.o)
    0x0800a428   0x0800a428   0x0000009c   Code   RO         4716    x$fpl$dnaninf       fz_ws.l(dnaninf.o)
    0x0800a4c4   0x0800a4c4   0x0000000c   Code   RO         4718    x$fpl$dretinf       fz_ws.l(dretinf.o)
    0x0800a4d0   0x0800a4d0   0x0000006c   Code   RO         4662    x$fpl$drleqf        fz_ws.l(drleqf.o)
    0x0800a53c   0x0800a53c   0x00000016   Code   RO         4643    x$fpl$drsb          fz_ws.l(daddsub_clz.o)
    0x0800a552   0x0800a552   0x00000002   PAD
    0x0800a554   0x0800a554   0x000001cc   Code   RO         4720    x$fpl$dsqrt         fz_ws.l(dsqrt_noumaal.o)
    0x0800a720   0x0800a720   0x000001d4   Code   RO         4644    x$fpl$dsub          fz_ws.l(daddsub_clz.o)
    0x0800a8f4   0x0800a8f4   0x00000056   Code   RO         4664    x$fpl$f2d           fz_ws.l(f2d.o)
    0x0800a94a   0x0800a94a   0x00000002   PAD
    0x0800a94c   0x0800a94c   0x000000c4   Code   RO         4666    x$fpl$fadd          fz_ws.l(faddsub_clz.o)
    0x0800aa10   0x0800aa10   0x0000000c   Code   RO         4722    x$fpl$fcheck1       fz_ws.l(fcheck1.o)
    0x0800aa1c   0x0800aa1c   0x00000184   Code   RO         4673    x$fpl$fdiv          fz_ws.l(fdiv.o)
    0x0800aba0   0x0800aba0   0x00000036   Code   RO         4676    x$fpl$ffix          fz_ws.l(ffix.o)
    0x0800abd6   0x0800abd6   0x00000002   PAD
    0x0800abd8   0x0800abd8   0x0000003e   Code   RO         4680    x$fpl$ffixu         fz_ws.l(ffixu.o)
    0x0800ac16   0x0800ac16   0x00000002   PAD
    0x0800ac18   0x0800ac18   0x00000030   Code   RO         4685    x$fpl$fflt          fz_ws.l(fflt_clz.o)
    0x0800ac48   0x0800ac48   0x00000026   Code   RO         4684    x$fpl$ffltu         fz_ws.l(fflt_clz.o)
    0x0800ac6e   0x0800ac6e   0x00000002   PAD
    0x0800ac70   0x0800ac70   0x00000102   Code   RO         4690    x$fpl$fmul          fz_ws.l(fmul.o)
    0x0800ad72   0x0800ad72   0x0000008c   Code   RO         4724    x$fpl$fnaninf       fz_ws.l(fnaninf.o)
    0x0800adfe   0x0800adfe   0x0000000a   Code   RO         4726    x$fpl$fretinf       fz_ws.l(fretinf.o)
    0x0800ae08   0x0800ae08   0x00000014   Code   RO         4667    x$fpl$frsb          fz_ws.l(faddsub_clz.o)
    0x0800ae1c   0x0800ae1c   0x000000ea   Code   RO         4668    x$fpl$fsub          fz_ws.l(faddsub_clz.o)
    0x0800af06   0x0800af06   0x00000064   Code   RO         4755    x$fpl$retnan        fz_ws.l(retnan.o)
    0x0800af6a   0x0800af6a   0x0000004c   Code   RO         4692    x$fpl$scalbnf       fz_ws.l(scalbnf.o)
    0x0800afb6   0x0800afb6   0x00000030   Code   RO         4772    x$fpl$trapveneer    fz_ws.l(trapv.o)
    0x0800afe6   0x0800afe6   0x00000000   Code   RO         4728    x$fpl$usenofp       fz_ws.l(usenofp.o)
    0x0800afe6   0x0800afe6   0x00025808   Data   RO            5    .constdata          main.o
    0x080307ee   0x080307ee   0x00000010   Data   RO          369    .constdata          system_stm32f1xx.o
    0x080307fe   0x080307fe   0x00000008   Data   RO          370    .constdata          system_stm32f1xx.o
    0x08030806   0x08030806   0x000017c0   Data   RO         3263    .constdata          lcd.o
    0x08031fc6   0x08031fc6   0x00000018   Data   RO         3494    .constdata          rtc.o
    0x08031fde   0x08031fde   0x00007abc   Data   RO         3626    .constdata          train_display.o
    0x08039a9a   0x08039a9a   0x0000000a   Data   RO         3905    .constdata          ft5206.o
    0x08039aa4   0x08039aa4   0x000000c2   Data   RO         3955    .constdata          gt9147.o
    0x08039b66   0x08039b66   0x0000000a   Data   RO         4073    .constdata          ott2001a.o
    0x08039b70   0x08039b70   0x00000004   Data   RO         4133    .constdata          touch.o
    0x08039b74   0x08039b74   0x00000028   Data   RO         4593    .constdata          c_w.l(_printf_hex_int.o)
    0x08039b9c   0x08039b9c   0x00000011   Data   RO         4628    .constdata          c_w.l(__printf_flags_ss_wp.o)
    0x08039bad   0x08039bad   0x00000003   PAD
    0x08039bb0   0x08039bb0   0x00000079   Data   RO         4134    .conststring        touch.o
    0x08039c29   0x08039c29   0x00000003   PAD
    0x08039c2c   0x08039c2c   0x00000028   Data   RO         4394    .conststring        usmart.o
    0x08039c54   0x08039c54   0x000000ef   Data   RO         4471    .conststring        usmart_config.o
    0x08039d43   0x08039d43   0x00000001   PAD
    0x08039d44   0x08039d44   0x00000020   Data   RO         4896    Region$$Table       anon$$obj.o


    Execution Region RW_IRAM1 (Exec base: 0x20000000, Load base: 0x08039d64, Size: 0x00000a58, Max: 0x00010000, ABSOLUTE, COMPRESSED[0x0000007c])

    Exec Addr    Load Addr    Size         Type   Attr      Idx    E Section Name        Object

    0x20000000   COMPRESSED   0x00000004   Data   RW          371    .data               system_stm32f1xx.o
    0x20000004   COMPRESSED   0x00000004   Data   RW          537    .data               stm32f1xx_hal.o
    0x20000008   COMPRESSED   0x00000004   Data   RW         3051    .data               delay.o
    0x2000000c   COMPRESSED   0x00000004   Data   RW         3139    .data               usart.o
    0x20000010   COMPRESSED   0x00000004   Data   RW         3140    .data               usart.o
    0x20000014   COMPRESSED   0x00000008   Data   RW         3265    .data               lcd.o
    0x2000001c   COMPRESSED   0x00000002   Data   RW         3495    .data               rtc.o
    0x2000001e   COMPRESSED   0x00000002   PAD
    0x20000020   COMPRESSED   0x0000000c   Data   RW         3586    .data               read.o
    0x2000002c   COMPRESSED   0x0000000c   Data   RW         3685    .data               train_set.o
    0x20000038   COMPRESSED   0x00000001   Data   RW         3731    .data               key.o
    0x20000039   COMPRESSED   0x00000001   Data   RW         3906    .data               ft5206.o
    0x2000003a   COMPRESSED   0x00000001   Data   RW         3956    .data               gt9147.o
    0x2000003b   COMPRESSED   0x00000001   Data   RW         4074    .data               ott2001a.o
    0x2000003c   COMPRESSED   0x00000038   Data   RW         4135    .data               touch.o
    0x20000074   COMPRESSED   0x0000000c   Data   RW         4336    .data               speed.o
    0x20000080   COMPRESSED   0x0000001c   Data   RW         4395    .data               usmart.o
    0x2000009c   COMPRESSED   0x00000030   Data   RW         4472    .data               usmart_config.o
    0x200000cc   COMPRESSED   0x000000f4   Data   RW         4473    .data               usmart_config.o
    0x200001c0        -       0x00000108   Zero   RW         3138    .bss                usart.o
    0x200002c8        -       0x00000052   Zero   RW         3262    .bss                lcd.o
    0x2000031a   COMPRESSED   0x00000002   PAD
    0x2000031c        -       0x0000001e   Zero   RW         3493    .bss                rtc.o
    0x2000033a   COMPRESSED   0x00000002   PAD
    0x2000033c        -       0x0000005c   Zero   RW         4275    .bss                timer.o
    0x20000398        -       0x00000024   Zero   RW         4334    .bss                speed.o
    0x200003bc        -       0x0000003c   Zero   RW         4393    .bss                usmart.o
    0x200003f8        -       0x00000060   Zero   RW         4758    .bss                c_w.l(libspace.o)
    0x20000458        -       0x00000200   Zero   RW          509    HEAP                startup_stm32f103xe.o
    0x20000658        -       0x00000400   Zero   RW          508    STACK               startup_stm32f103xe.o


==============================================================================

Image component sizes


      Code (inc. data)   RO Data    RW Data    ZI Data      Debug   Object Name

       198          0          0          0          0       3283   24cxx.o
       712        110          0          0          0       5313   ctiic.o
        98          8          0          4          0       1875   delay.o
       702         38         10          1          0       3921   ft5206.o
       388         28          0          0          0       1080   gpio.o
      1030         92        194          1          0       4862   gt9147.o
       224         24          0          1          0       1582   key.o
     13948        178       6080          8         82      28837   lcd.o
       112         14          0          0          0        903   led.o
       336         46     153608          0          0     519210   main.o
       624         76          0          0          0       4794   myiic.o
       732         60         10          1          0       4447   ott2001a.o
      1440        106          0         12          0       2446   read.o
       256         34          0          0          0       1705   read_siganl2.o
      1238        134         24          2         30       7312   rtc.o
       604         90          0         12         36       4123   speed.o
        64         26        304          0       1536        792   startup_stm32f103xe.o
       120         16          0          4          0       3638   stm32f1xx_hal.o
       218         14          0          0          0      26233   stm32f1xx_hal_cortex.o
       512         42          0          0          0       3695   stm32f1xx_hal_gpio.o
         2          0          0          0          0        414   stm32f1xx_hal_msp.o
        24          4          0          0          0        515   stm32f1xx_hal_pwr.o
      2030         98          0          0          0       6032   stm32f1xx_hal_rcc.o
       556         48          0          0          0       2597   stm32f1xx_hal_rcc_ex.o
       322          6          0          0          0       3772   stm32f1xx_hal_rtc.o
        32         10          0          0          0       1687   stm32f1xx_hal_rtc_ex.o
        86          0          0          0          0       1204   stm32f1xx_hal_sram.o
       576         20          0          0          0       6447   stm32f1xx_hal_tim.o
         4          0          0          0          0       1618   stm32f1xx_hal_tim_ex.o
      1060          4          0          0          0       6887   stm32f1xx_hal_uart.o
        20          0          0          0          0       3718   stm32f1xx_it.o
       374         10          0          0          0       3795   stm32f1xx_ll_fsmc.o
        68          0          0          0          0        635   sys.o
        72         16         24          4          0       1091   system_stm32f1xx.o
       328        126          0          0          0        587   time_display.o
       188         38          0          0         92       3849   timer.o
      2988        218        125         56          0      10843   touch.o
       808         30      31420          0          0       1866   train_display.o
      1600         98          0         12          0       3212   train_set.o
       354         54          0          8        264       5289   usart.o
      2856       1354         40         28         60       7683   usmart.o
         0          0        239        292          0       1580   usmart_config.o
      1120         20          0          0          0       9223   usmart_str.o

    ----------------------------------------------------------------------
     39062       3290     192114        448       2104     714595   Object Totals
         0          0         32          0          0          0   (incl. Generated)
        38          0          4          2          4          0   (incl. Padding)

    ----------------------------------------------------------------------

      Code (inc. data)   RO Data    RW Data    ZI Data      Debug   Library Member Name

        90          0          0          0          0          0   __dczerorl2.o
         8          0          0          0          0         68   __main.o
       392          4         17          0          0         92   __printf_flags_ss_wp.o
        14          0          0          0          0         68   __printf_wp.o
         0          0          0          0          0          0   __rtentry.o
        12          0          0          0          0          0   __rtentry2.o
         6          0          0          0          0          0   __rtentry4.o
        52          8          0          0          0          0   __scatter.o
        28          0          0          0          0          0   __scatter_zi.o
         6          0          0          0          0          0   _printf_c.o
        44          0          0          0          0        108   _printf_char.o
        48          6          0          0          0         96   _printf_char_common.o
        36          4          0          0          0         80   _printf_char_file.o
         6          0          0          0          0          0   _printf_d.o
       120         16          0          0          0         92   _printf_dec.o
        88          4         40          0          0         88   _printf_hex_int.o
       178          0          0          0          0         88   _printf_intcommon.o
        78          0          0          0          0        108   _printf_pad.o
         0          0          0          0          0          0   _printf_percent.o
         4          0          0          0          0          0   _printf_percent_end.o
         6          0          0          0          0          0   _printf_s.o
        82          0          0          0          0         80   _printf_str.o
         6          0          0          0          0          0   _printf_u.o
         6          0          0          0          0          0   _printf_x.o
        22          0          0          0          0        100   _rserrno.o
        18          0          0          0          0         80   exit.o
         8          0          0          0          0         68   ferror.o
         6          0          0          0          0        152   heapauxi.o
         2          0          0          0          0          0   libinit.o
         2          0          0          0          0          0   libinit2.o
         2          0          0          0          0          0   libshutdown.o
         2          0          0          0          0          0   libshutdown2.o
         8          4          0          0         96         68   libspace.o
        24          4          0          0          0         84   noretval__2printf.o
         8          4          0          0          0         68   rt_errno_addr_intlibspace.o
         2          0          0          0          0          0   rtexit.o
        10          0          0          0          0          0   rtexit2.o
       128          0          0          0          0         68   strcmpv7m.o
        74          0          0          0          0         80   sys_stackheap_outer.o
         2          0          0          0          0         68   use_no_semi.o
         2          0          0          0          0         68   use_no_semi_2.o
       826         16          0          0          0        348   daddsub_clz.o
        24          0          0          0          0         68   dcmpi.o
        90          4          0          0          0         92   dfixu.o
        38          0          0          0          0         68   dflt_clz.o
       120          4          0          0          0         92   dleqf.o
       340         12          0          0          0        104   dmul.o
       156          4          0          0          0         92   dnaninf.o
        12          0          0          0          0         68   dretinf.o
       108          0          0          0          0         80   drleqf.o
       460         56          0          0          0        120   dsqrt_noumaal.o
        86          4          0          0          0         84   f2d.o
       450          8          0          0          0        236   faddsub_clz.o
        12          4          0          0          0         68   fcheck1.o
       388         76          0          0          0         96   fdiv.o
        54          4          0          0          0         84   ffix.o
        62          4          0          0          0         84   ffixu.o
        86          0          0          0          0        136   fflt_clz.o
       258          4          0          0          0         84   fmul.o
       140          4          0          0          0         84   fnaninf.o
        10          0          0          0          0         68   fretinf.o
       100          0          0          0          0         68   retnan.o
        76          0          0          0          0         68   scalbnf.o
        48          0          0          0          0         68   trapv.o
         0          0          0          0          0          0   usenofp.o
        76          0          0          0          0         84   sqrt.o

    ----------------------------------------------------------------------
      5664        258         60          0         96       4316   Library Totals
        14          0          3          0          0          0   (incl. Padding)

    ----------------------------------------------------------------------

      Code (inc. data)   RO Data    RW Data    ZI Data      Debug   Library Name

      1630         54         57          0         96       1872   c_w.l
      3944        204          0          0          0       2360   fz_ws.l
        76          0          0          0          0         84   m_ws.l

    ----------------------------------------------------------------------
      5664        258         60          0         96       4316   Library Totals

    ----------------------------------------------------------------------

==============================================================================


      Code (inc. data)   RO Data    RW Data    ZI Data      Debug   

     44726       3548     192174        448       2200     706323   Grand Totals
     44726       3548     192174        124       2200     706323   ELF Image Totals (compressed)
     44726       3548     192174        124          0          0   ROM Totals

==============================================================================

    Total RO  Size (Code + RO Data)               236900 ( 231.35kB)
    Total RW  Size (RW Data + ZI Data)              2648 (   2.59kB)
    Total ROM Size (Code + RO Data + RW Data)     237024 ( 231.47kB)

==============================================================================

